 wav

 Timestamp is 6495d78e (Fri Jun 23 12:34:06 2023)

 Preferred load address is 0000000140000000

 Start         Length     Name                   Class
 0001:00000000 0004b3e0H .text$mn                CODE
 0001:0004b3e0 00000040H .text$mn$00             CODE
 0001:0004b420 000007edH .text$x                 CODE
 0002:00000000 00000290H .idata$5                DATA
 0002:00000290 00000038H .00cfg                  DATA
 0002:000002c8 00000008H .CRT$XCA                DATA
 0002:000002d0 00000008H .CRT$XCAA               DATA
 0002:000002d8 00000008H .CRT$XCZ                DATA
 0002:000002e0 00000008H .CRT$XIA                DATA
 0002:000002e8 00000008H .CRT$XIAA               DATA
 0002:000002f0 00000008H .CRT$XIAC               DATA
 0002:000002f8 00000020H .CRT$XIC                DATA
 0002:00000318 00000008H .CRT$XIZ                DATA
 0002:00000320 00000008H .CRT$XPA                DATA
 0002:00000328 00000010H .CRT$XPX                DATA
 0002:00000338 00000008H .CRT$XPXA               DATA
 0002:00000340 00000008H .CRT$XPZ                DATA
 0002:00000348 00000008H .CRT$XTA                DATA
 0002:00000350 00000010H .CRT$XTZ                DATA
 0002:00000358 00000000H .gehcont$y              DATA
 0002:00000358 00000000H .gfids$y                DATA
 0002:00000360 00013c20H .rdata                  DATA
 0002:00013f80 00000000H .rdata$CastGuardVftablesA DATA
 0002:00013f80 00000000H .rdata$CastGuardVftablesC DATA
 0002:00013f80 0000016cH .rdata$r                DATA
 0002:000140ec 000000ccH .rdata$voltmd           DATA
 0002:000141b8 00000370H .rdata$zzzdbg           DATA
 0002:00014528 00000008H .rtc$IAA                DATA
 0002:00014530 00000008H .rtc$IZZ                DATA
 0002:00014538 00000008H .rtc$TAA                DATA
 0002:00014540 00000008H .rtc$TZZ                DATA
 0002:00014548 00001538H .xdata                  DATA
 0002:00015a80 00000084H .xdata$x                DATA
 0002:00015b04 00000000H .edata                  DATA
 0002:00015b04 00000014H .idata$2                DATA
 0002:00015b18 00000018H .idata$3                DATA
 0002:00015b30 00000290H .idata$4                DATA
 0002:00015dc0 000005dcH .idata$6                DATA
 0003:00000000 00000aa0H .data                   DATA
 0003:00000aa0 00000050H .data$r                 DATA
 0003:00000af0 00000020H .data$rs                DATA
 0003:00000b10 00001858H .bss                    DATA
 0004:00000000 00003810H .pdata                  DATA
 0005:00000000 0000015cH _RDATA                  DATA

  Address         Publics by Value              Rva+Base               Lib:Object

 0000:00000000       __AbsoluteZero             0000000000000000     <absolute>
 0000:00000000       ___safe_se_handler_count   0000000000000000     <absolute>
 0000:00000000       ___safe_se_handler_table   0000000000000000     <absolute>
 0000:00000000       __arm64x_extra_rfe_table   0000000000000000     <absolute>
 0000:00000000       __arm64x_extra_rfe_table_size 0000000000000000     <absolute>
 0000:00000000       __arm64x_native_entrypoint 0000000000000000     <absolute>
 0000:00000000       __arm64x_redirection_metadata 0000000000000000     <absolute>
 0000:00000000       __arm64x_redirection_metadata_count 0000000000000000     <absolute>
 0000:00000000       __dynamic_value_reloc_table 0000000000000000     <absolute>
 0000:00000000       __enclave_config           0000000000000000     <absolute>
 0000:00000000       __guard_check_icall_a64n_fptr 0000000000000000     <absolute>
 0000:00000000       __guard_eh_cont_count      0000000000000000     <absolute>
 0000:00000000       __guard_eh_cont_table      0000000000000000     <absolute>
 0000:00000000       __guard_fids_count         0000000000000000     <absolute>
 0000:00000000       __guard_fids_table         0000000000000000     <absolute>
 0000:00000000       __guard_iat_count          0000000000000000     <absolute>
 0000:00000000       __guard_iat_table          0000000000000000     <absolute>
 0000:00000000       __guard_longjmp_count      0000000000000000     <absolute>
 0000:00000000       __guard_longjmp_table      0000000000000000     <absolute>
 0000:00000000       __hybrid_auxiliary_iat     0000000000000000     <absolute>
 0000:00000000       __hybrid_auxiliary_iat_copy 0000000000000000     <absolute>
 0000:00000000       __hybrid_code_map          0000000000000000     <absolute>
 0000:00000000       __hybrid_code_map_count    0000000000000000     <absolute>
 0000:00000000       __x64_code_ranges_to_entry_points 0000000000000000     <absolute>
 0000:00000000       __x64_code_ranges_to_entry_points_count 0000000000000000     <absolute>
 0000:00000100       __guard_flags              0000000000000100     <absolute>
 0000:00000000       __ImageBase                0000000140000000     <linker-defined>
 0001:00000000       ?read_file@@YA?AUFile_Result@@PEAD@Z 0000000140001000 f   wav.obj
 0001:00000110       ?free_file@@YAXUFile_Result@@@Z 0000000140001110 f   wav.obj
 0001:00000140       ?write_file@@YA_NPEADPEAXI@Z 0000000140001140 f   wav.obj
 0001:00000200       ?EndianSwap@@YAXPEAI@Z     0000000140001200 f   wav.obj
 0001:00000260       ?ConsumeDataSize@@YAPEAXPEAPEAEI@Z 0000000140001260 f   wav.obj
 0001:000002a0       ?ConsumeDataSizeLong@@YAPEAXPEAPEAE_K@Z 00000001400012a0 f   wav.obj
 0001:000002e0       ?PushDataSize@@YAIPEAPEAEPEAEI@Z 00000001400012e0 f   wav.obj
 0001:00000350       ?calc_line_length@@YAIPEADI@Z 0000000140001350 f   wav.obj
 0001:000003b0       ?copy_line_to_buffer@@YAXPEAD0PEAI@Z 00000001400013b0 f   wav.obj
 0001:00000420       ?LoadWAV@@YA?AUSound@@UFile_Result@@@Z 0000000140001420 f   wav.obj
 0001:00000610       main                       0000000140001610 f   wav.obj
 0001:000006d0       __local_stdio_printf_options 00000001400016d0 f i wav.obj
 0001:000006e0       _vfprintf_l                00000001400016e0 f i wav.obj
 0001:00000730       printf                     0000000140001730 f i wav.obj
 0001:00000a40       ?configure_argv@__scrt_narrow_argv_policy@@SAHXZ 0000000140001a40 f i LIBCMTD:exe_main.obj
 0001:00000a60       ?initialize_environment@__scrt_narrow_environment_policy@@SAHXZ 0000000140001a60 f i LIBCMTD:exe_main.obj
 0001:00000ab0       ?set_app_type@__scrt_main_policy@@SAXXZ 0000000140001ab0 f i LIBCMTD:exe_main.obj
 0001:00000ad0       ?set_commode@__scrt_file_policy@@SAXXZ 0000000140001ad0 f i LIBCMTD:exe_main.obj
 0001:00000af0       ?set_fmode@__scrt_file_policy@@SAXXZ 0000000140001af0 f i LIBCMTD:exe_main.obj
 0001:00000b10       mainCRTStartup             0000000140001b10 f   LIBCMTD:exe_main.obj
 0001:00000c90       NtCurrentTeb               0000000140001c90 f i LIBCMTD:utility.obj
 0001:00000ca0       __scrt_acquire_startup_lock 0000000140001ca0 f   LIBCMTD:utility.obj
 0001:00000d10       __scrt_initialize_crt      0000000140001d10 f   LIBCMTD:utility.obj
 0001:00000d60       __scrt_initialize_onexit_tables 0000000140001d60 f   LIBCMTD:utility.obj
 0001:00000e70       __scrt_is_nonwritable_in_current_image 0000000140001e70 f   LIBCMTD:utility.obj
 0001:00000f00       __scrt_release_startup_lock 0000000140001f00 f   LIBCMTD:utility.obj
 0001:00000f30       __scrt_uninitialize_crt    0000000140001f30 f   LIBCMTD:utility.obj
 0001:00000f70       _onexit                    0000000140001f70 f   LIBCMTD:utility.obj
 0001:00000ff0       atexit                     0000000140001ff0 f   LIBCMTD:utility.obj
 0001:000010f0       __security_init_cookie     00000001400020f0 f   LIBCMTD:gs_support.obj
 0001:00001170       ?get_current_state_index@__crt_state_management@@YA_KAEBV__crt_scoped_get_last_error_reset@@@Z 0000000140002170 f   libucrtd:fclose.obj
 0001:00001170       _matherr                   0000000140002170 f   LIBCMTD:matherr.obj
 0001:00001180       _get_startup_argv_mode     0000000140002180 f   LIBCMTD:argv_mode.obj
 0001:00001190       ?get_current_state_index@__crt_state_management@@YA_KXZ 0000000140002190 f   libucrtd:matherr.obj
 0001:00001190       ?get_invalid_value@__crt_hmodule_traits@@SAPEAUHINSTANCE__@@XZ 0000000140002190 f   libucrtd:exit.obj
 0001:00001190       __scrt_exe_initialize_mta  0000000140002190 f   LIBCMTD:utility_desktop.obj
 0001:00001190       __scrt_initialize_winrt    0000000140002190 f   LIBCMTD:utility_desktop.obj
 0001:00001190       __scrt_stub_for_initialize_mta 0000000140002190 f   LIBCMTD:utility_desktop.obj
 0001:00001190       _get_startup_commit_mode   0000000140002190 f   LIBCMTD:commit_mode.obj
 0001:00001190       _get_startup_new_mode      0000000140002190 f   LIBCMTD:new_mode.obj
 0001:00001190       _get_startup_thread_locale_mode 0000000140002190 f   LIBCMTD:thread_locale.obj
 0001:000011a0       _get_startup_file_mode     00000001400021a0 f   LIBCMTD:file_mode.obj
 0001:000011b0       ?__scrt_initialize_type_info@@YAXXZ 00000001400021b0 f   LIBCMTD:tncleanup.obj
 0001:000011d0       _should_initialize_environment 00000001400021d0 f   LIBCMTD:env_mode.obj
 0001:000011e0       _initialize_denormal_control 00000001400021e0 f   LIBCMTD:denormal_control.obj
 0001:000011e0       _initialize_invalid_parameter_handler 00000001400021e0 f   LIBCMTD:invalid_parameter_handler.obj
 0001:000011f0       __local_stdio_scanf_options 00000001400021f0 f i LIBCMTD:default_local_stdio_options.obj
 0001:00001200       __scrt_initialize_default_local_stdio_options 0000000140002200 f   LIBCMTD:default_local_stdio_options.obj
 0001:00001250       __scrt_is_user_matherr_present 0000000140002250 f   LIBCMTD:matherr_detection.obj
 0001:00001280       __scrt_get_dyn_tls_init_callback 0000000140002280 f   LIBCMTD:dyn_tls_init.obj
 0001:00001290       __scrt_get_dyn_tls_dtor_callback 0000000140002290 f   LIBCMTD:dyn_tls_dtor.obj
 0001:000012a0       __crt_debugger_hook        00000001400022a0 f   LIBCMTD:utility_desktop.obj
 0001:000012b0       __scrt_fastfail            00000001400022b0 f   LIBCMTD:utility_desktop.obj
 0001:00001450       __scrt_initialize_mta      0000000140002450 f   LIBCMTD:utility_desktop.obj
 0001:00001460       __scrt_is_managed_app      0000000140002460 f   LIBCMTD:utility_desktop.obj
 0001:00001510       __scrt_set_unhandled_exception_filter 0000000140002510 f   LIBCMTD:utility_desktop.obj
 0001:00001530       __scrt_unhandled_exception_filter 0000000140002530 f   LIBCMTD:utility_desktop.obj
 0001:000015d0       _RTC_Initialize            00000001400025d0 f   LIBCMTD:initsect.obj
 0001:00001620       _RTC_Terminate             0000000140002620 f   LIBCMTD:initsect.obj
 0001:00001670       ??1?$__crt_simd_cleanup_guard@$0A@@@QEAA@XZ 0000000140002670 f i libucrtd:strnlen.obj
 0001:00001670       ??1scoped_global_state_reset@__crt_state_management@@QEAA@XZ 0000000140002670 f i libucrtd:onexit.obj
 0001:00001670       _guard_check_icall_nop     0000000140002670 f i LIBCMTD:guard_support.obj
 0001:00001680       ReadNoFence64              0000000140002680 f i LIBCMTD:guard_support.obj
 0001:000016a0       ReadPointerNoFence         00000001400026a0 f i LIBCMTD:guard_support.obj
 0001:000016c0       _guard_icall_checks_enforced 00000001400026c0 f i LIBCMTD:guard_support.obj
 0001:00001700       __isa_available_init       0000000140002700 f   LIBCMTD:cpu_disp.obj
 0001:00001ab0       __scrt_is_ucrt_dll_in_use  0000000140002ab0 f   LIBCMTD:ucrt_detection.obj
 0001:00001ae0       __GSHandlerCheck           0000000140002ae0 f   LIBCMTD:gshandler.obj
 0001:00001b20       __GSHandlerCheckCommon     0000000140002b20 f   LIBCMTD:gshandler.obj
 0001:00001c30       __security_check_cookie    0000000140002c30 f   LIBCMTD:amdsecgs.obj
 0001:00001c50       __raise_securityfailure    0000000140002c50 f   LIBCMTD:gs_report.obj
 0001:00001c90       __report_gsfailure         0000000140002c90 f   LIBCMTD:gs_report.obj
 0001:00001d70       __report_rangecheckfailure 0000000140002d70 f   LIBCMTD:gs_report.obj
 0001:00001d90       __report_securityfailure   0000000140002d90 f   LIBCMTD:gs_report.obj
 0001:00001f90       __C_specific_handler       0000000140002f90 f   libvcruntimed:riscchandler.obj
 0001:00002400       __vcrt_initialize          0000000140003400 f   libvcruntimed:initialization.obj
 0001:00002440       __vcrt_uninitialize        0000000140003440 f   libvcruntimed:initialization.obj
 0001:00002460       ??$?RD@__crt_internal_free_policy@@QEBAXQEBD@Z 0000000140003460 f i libvcruntimed:std_type_info.obj
 0001:00002460       ??$?RE@__crt_internal_free_policy@@QEBAXQEBE@Z 0000000140003460 f i libucrtd:argv_parsing.obj
 0001:00002460       ??$?RP6AXXZ@__crt_internal_free_policy@@QEBAXQEBQ6AXXZ@Z 0000000140003460 f i libucrtd:onexit.obj
 0001:00002460       ??$?RPEAD@__crt_internal_free_policy@@QEBAXQEBQEAD@Z 0000000140003460 f i libucrtd:argv_parsing.obj
 0001:00002460       ??$?RPEAU__crt_stdio_stream_data@@@__crt_internal_free_policy@@QEBAXQEBQEAU__crt_stdio_stream_data@@@Z 0000000140003460 f i libucrtd:_file.obj
 0001:00002460       ??$?RPEA_W@__crt_internal_free_policy@@QEBAXQEBQEA_W@Z 0000000140003460 f i libucrtd:argv_parsing.obj
 0001:00002460       ??$?RU__acrt_ptd@@@__crt_internal_free_policy@@QEBAXQEBU__acrt_ptd@@@Z 0000000140003460 f i libucrtd:per_thread_data.obj
 0001:00002460       ??$?RU__crt_lowio_handle_data@@@__crt_internal_free_policy@@QEBAXQEBU__crt_lowio_handle_data@@@Z 0000000140003460 f i libucrtd:osfinfo.obj
 0001:00002460       ??$?RU__crt_multibyte_data@@@__crt_internal_free_policy@@QEBAXQEBU__crt_multibyte_data@@@Z 0000000140003460 f i libucrtd:wsetlocale.obj
 0001:00002460       ??$?RU__crt_stdio_stream_data@@@__crt_internal_free_policy@@QEBAXQEBU__crt_stdio_stream_data@@@Z 0000000140003460 f i libucrtd:stream.obj
 0001:00002460       ??$?RU__vcrt_ptd@@@__crt_internal_free_policy@@QEBAXQEBU__vcrt_ptd@@@Z 0000000140003460 f i libvcruntimed:per_thread_data.obj
 0001:00002490       ??0?$__crt_scoped_stack_ptr@_W@@QEAA@U?$__crt_scoped_stack_ptr_tag@_W@@@Z 0000000140003490 f i libucrtd:getstringtypea.obj
 0001:00002490       ??0?$__crt_scoped_stack_ptr_tag@_W@@QEAA@QEA_W@Z 0000000140003490 f i libucrtd:getstringtypea.obj
 0001:00002490       ??0?$__crt_unique_handle_t@U__crt_findfile_traits@@@@QEAA@QEAX@Z 0000000140003490 f i libucrtd:argv_wildcards.obj
 0001:00002490       ??0?$__crt_unique_handle_t@U__crt_hmodule_traits@@@@QEAA@QEAUHINSTANCE__@@@Z 0000000140003490 f i libucrtd:exit.obj
 0001:00002490       ??0?$__crt_unique_heap_ptr@DU__crt_internal_free_policy@@@@QEAA@QEAD@Z 0000000140003490 f i libvcruntimed:std_type_info.obj
 0001:00002490       ??0?$__crt_unique_heap_ptr@DU__crt_public_free_policy@@@@QEAA@QEAD@Z 0000000140003490 f i libvcruntimed:std_exception.obj
 0001:00002490       ??0?$__crt_unique_heap_ptr@EU__crt_internal_free_policy@@@@QEAA@QEAE@Z 0000000140003490 f i libucrtd:argv_parsing.obj
 0001:00002490       ??0?$__crt_unique_heap_ptr@P6AXXZU__crt_internal_free_policy@@@@QEAA@QEAP6AXXZ@Z 0000000140003490 f i libucrtd:onexit.obj
 0001:00002490       ??0?$__crt_unique_heap_ptr@PEADU__crt_internal_free_policy@@@@QEAA@QEAPEAD@Z 0000000140003490 f i libucrtd:argv_parsing.obj
 0001:00002490       ??0?$__crt_unique_heap_ptr@PEAU__crt_stdio_stream_data@@U__crt_internal_free_policy@@@@QEAA@QEAPEAU__crt_stdio_stream_data@@@Z 0000000140003490 f i libucrtd:_file.obj
 0001:00002490       ??0?$__crt_unique_heap_ptr@PEA_WU__crt_internal_free_policy@@@@QEAA@QEAPEA_W@Z 0000000140003490 f i libucrtd:argv_parsing.obj
 0001:00002490       ??0?$__crt_unique_heap_ptr@U__acrt_ptd@@U__crt_internal_free_policy@@@@QEAA@QEAU__acrt_ptd@@@Z 0000000140003490 f i libucrtd:per_thread_data.obj
 0001:00002490       ??0?$__crt_unique_heap_ptr@U__crt_lowio_handle_data@@U__crt_internal_free_policy@@@@QEAA@QEAU__crt_lowio_handle_data@@@Z 0000000140003490 f i libucrtd:osfinfo.obj
 0001:00002490       ??0?$__crt_unique_heap_ptr@U__crt_multibyte_data@@U__crt_internal_free_policy@@@@QEAA@QEAU__crt_multibyte_data@@@Z 0000000140003490 f i libucrtd:wsetlocale.obj
 0001:00002490       ??0?$__crt_unique_heap_ptr@U__crt_stdio_stream_data@@U__crt_internal_free_policy@@@@QEAA@QEAU__crt_stdio_stream_data@@@Z 0000000140003490 f i libucrtd:stream.obj
 0001:00002490       ??0?$__crt_unique_heap_ptr@U__vcrt_ptd@@U__crt_internal_free_policy@@@@QEAA@QEAU__vcrt_ptd@@@Z 0000000140003490 f i libvcruntimed:per_thread_data.obj
 0001:00002490       ??0?$string_output_adapter@D@__crt_stdio_output@@QEAA@QEAU?$string_output_adapter_context@D@1@@Z 0000000140003490 f i libucrtd:output.obj
 0001:00002490       ??0?$string_output_adapter@_W@__crt_stdio_output@@QEAA@QEAU?$string_output_adapter_context@_W@1@@Z 0000000140003490 f i libucrtd:output.obj
 0001:00002490       ??0__crt_stdio_stream@@QEAA@QEAU__crt_stdio_stream_data@@@Z 0000000140003490 f i libucrtd:closeall.obj
 0001:00002490       ??0__crt_stdio_stream@@QEAA@QEAU_iobuf@@@Z 0000000140003490 f i libucrtd:_file.obj
 0001:000024b0       ??1?$__crt_unique_heap_ptr@DU__crt_internal_free_policy@@@@QEAA@XZ 00000001400034b0 f i libvcruntimed:std_type_info.obj
 0001:000024b0       ??1?$__crt_unique_heap_ptr@EU__crt_internal_free_policy@@@@QEAA@XZ 00000001400034b0 f i libucrtd:argv_parsing.obj
 0001:000024b0       ??1?$__crt_unique_heap_ptr@P6AXXZU__crt_internal_free_policy@@@@QEAA@XZ 00000001400034b0 f i libucrtd:onexit.obj
 0001:000024b0       ??1?$__crt_unique_heap_ptr@PEADU__crt_internal_free_policy@@@@QEAA@XZ 00000001400034b0 f i libucrtd:argv_parsing.obj
 0001:000024b0       ??1?$__crt_unique_heap_ptr@PEAU__crt_stdio_stream_data@@U__crt_internal_free_policy@@@@QEAA@XZ 00000001400034b0 f i libucrtd:_file.obj
 0001:000024b0       ??1?$__crt_unique_heap_ptr@PEA_WU__crt_internal_free_policy@@@@QEAA@XZ 00000001400034b0 f i libucrtd:argv_parsing.obj
 0001:000024b0       ??1?$__crt_unique_heap_ptr@U__acrt_ptd@@U__crt_internal_free_policy@@@@QEAA@XZ 00000001400034b0 f i libucrtd:per_thread_data.obj
 0001:000024b0       ??1?$__crt_unique_heap_ptr@U__crt_lowio_handle_data@@U__crt_internal_free_policy@@@@QEAA@XZ 00000001400034b0 f i libucrtd:osfinfo.obj
 0001:000024b0       ??1?$__crt_unique_heap_ptr@U__crt_multibyte_data@@U__crt_internal_free_policy@@@@QEAA@XZ 00000001400034b0 f i libucrtd:wsetlocale.obj
 0001:000024b0       ??1?$__crt_unique_heap_ptr@U__crt_stdio_stream_data@@U__crt_internal_free_policy@@@@QEAA@XZ 00000001400034b0 f i libucrtd:stream.obj
 0001:000024b0       ??1?$__crt_unique_heap_ptr@U__vcrt_ptd@@U__crt_internal_free_policy@@@@QEAA@XZ 00000001400034b0 f i libvcruntimed:per_thread_data.obj
 0001:000024d0       ??B?$__crt_unique_heap_ptr@DU__crt_internal_free_policy@@@@QEBA_NXZ 00000001400034d0 f i libvcruntimed:std_type_info.obj
 0001:000024d0       ??B?$__crt_unique_heap_ptr@DU__crt_public_free_policy@@@@QEBA_NXZ 00000001400034d0 f i libvcruntimed:std_exception.obj
 0001:000024d0       ??B?$__crt_unique_heap_ptr@EU__crt_internal_free_policy@@@@QEBA_NXZ 00000001400034d0 f i libucrtd:argv_parsing.obj
 0001:000024d0       ??B?$__crt_unique_heap_ptr@PEADU__crt_internal_free_policy@@@@QEBA_NXZ 00000001400034d0 f i libucrtd:environment_initialization.obj
 0001:000024d0       ??B?$__crt_unique_heap_ptr@U__acrt_ptd@@U__crt_internal_free_policy@@@@QEBA_NXZ 00000001400034d0 f i libucrtd:per_thread_data.obj
 0001:000024d0       ??B?$__crt_unique_heap_ptr@U__crt_lowio_handle_data@@U__crt_internal_free_policy@@@@QEBA_NXZ 00000001400034d0 f i libucrtd:osfinfo.obj
 0001:000024d0       ??B?$__crt_unique_heap_ptr@U__crt_multibyte_data@@U__crt_internal_free_policy@@@@QEBA_NXZ 00000001400034d0 f i libucrtd:wsetlocale.obj
 0001:000024d0       ??B?$__crt_unique_heap_ptr@U__vcrt_ptd@@U__crt_internal_free_policy@@@@QEBA_NXZ 00000001400034d0 f i libvcruntimed:per_thread_data.obj
 0001:000024f0       ?__crt_interlocked_read_64@@YA_JPED_J@Z 00000001400034f0 f i libvcruntimed:std_type_info.obj
 0001:00002510       ??C__crt_stdio_stream@@QEBAPEAU__crt_stdio_stream_data@@XZ 0000000140003510 f i libucrtd:_file.obj
 0001:00002510       ?get@?$__crt_scoped_stack_ptr@_W@@QEBAPEA_WXZ 0000000140003510 f i libucrtd:getstringtypea.obj
 0001:00002510       ?get@?$__crt_unique_handle_t@U__crt_findfile_traits@@@@QEBAPEAXXZ 0000000140003510 f i libucrtd:argv_wildcards.obj
 0001:00002510       ?get@?$__crt_unique_handle_t@U__crt_hmodule_traits@@@@QEBAPEAUHINSTANCE__@@XZ 0000000140003510 f i libucrtd:exit.obj
 0001:00002510       ?get@?$__crt_unique_heap_ptr@DU__crt_internal_free_policy@@@@QEBAPEADXZ 0000000140003510 f i libvcruntimed:std_type_info.obj
 0001:00002510       ?get@?$__crt_unique_heap_ptr@DU__crt_public_free_policy@@@@QEBAPEADXZ 0000000140003510 f i libvcruntimed:std_exception.obj
 0001:00002510       ?get@?$__crt_unique_heap_ptr@EU__crt_internal_free_policy@@@@QEBAPEAEXZ 0000000140003510 f i libucrtd:argv_parsing.obj
 0001:00002510       ?get@?$__crt_unique_heap_ptr@PEADU__crt_internal_free_policy@@@@QEBAPEAPEADXZ 0000000140003510 f i libucrtd:argv_parsing.obj
 0001:00002510       ?get@?$__crt_unique_heap_ptr@U__acrt_ptd@@U__crt_internal_free_policy@@@@QEBAPEAU__acrt_ptd@@XZ 0000000140003510 f i libucrtd:per_thread_data.obj
 0001:00002510       ?get@?$__crt_unique_heap_ptr@U__crt_lowio_handle_data@@U__crt_internal_free_policy@@@@QEBAPEAU__crt_lowio_handle_data@@XZ 0000000140003510 f i libucrtd:osfinfo.obj
 0001:00002510       ?get@?$__crt_unique_heap_ptr@U__crt_multibyte_data@@U__crt_internal_free_policy@@@@QEBAPEAU__crt_multibyte_data@@XZ 0000000140003510 f i libucrtd:wsetlocale.obj
 0001:00002510       ?get@?$__crt_unique_heap_ptr@U__vcrt_ptd@@U__crt_internal_free_policy@@@@QEBAPEAU__vcrt_ptd@@XZ 0000000140003510 f i libvcruntimed:per_thread_data.obj
 0001:00002510       ?public_stream@__crt_stdio_stream@@QEBAPEAU_iobuf@@XZ 0000000140003510 f i libucrtd:fclose.obj
 0001:00002510       ?save_state@?$c_string_character_source@D@__crt_strtox@@QEBAPEBDXZ 0000000140003510 f i libucrtd:output.obj
 0001:00002510       ?save_state@?$c_string_character_source@_W@__crt_strtox@@QEBAPEB_WXZ 0000000140003510 f i libucrtd:output.obj
 0001:00002520       ??B?$__crt_scoped_stack_ptr@_W@@QEBA_NXZ 0000000140003520 f i libucrtd:lcmapstringa.obj
 0001:00002520       ?is_valid@?$__crt_unique_heap_ptr@DU__crt_internal_free_policy@@@@QEBA_NXZ 0000000140003520 f i libvcruntimed:std_type_info.obj
 0001:00002520       ?is_valid@?$__crt_unique_heap_ptr@DU__crt_public_free_policy@@@@QEBA_NXZ 0000000140003520 f i libvcruntimed:std_exception.obj
 0001:00002520       ?is_valid@?$__crt_unique_heap_ptr@EU__crt_internal_free_policy@@@@QEBA_NXZ 0000000140003520 f i libucrtd:argv_parsing.obj
 0001:00002520       ?is_valid@?$__crt_unique_heap_ptr@PEADU__crt_internal_free_policy@@@@QEBA_NXZ 0000000140003520 f i libucrtd:environment_initialization.obj
 0001:00002520       ?is_valid@?$__crt_unique_heap_ptr@U__acrt_ptd@@U__crt_internal_free_policy@@@@QEBA_NXZ 0000000140003520 f i libucrtd:per_thread_data.obj
 0001:00002520       ?is_valid@?$__crt_unique_heap_ptr@U__crt_lowio_handle_data@@U__crt_internal_free_policy@@@@QEBA_NXZ 0000000140003520 f i libucrtd:osfinfo.obj
 0001:00002520       ?is_valid@?$__crt_unique_heap_ptr@U__crt_multibyte_data@@U__crt_internal_free_policy@@@@QEBA_NXZ 0000000140003520 f i libucrtd:wsetlocale.obj
 0001:00002520       ?is_valid@?$__crt_unique_heap_ptr@U__vcrt_ptd@@U__crt_internal_free_policy@@@@QEBA_NXZ 0000000140003520 f i libvcruntimed:per_thread_data.obj
 0001:00002520       ?valid@__crt_stdio_stream@@QEBA_NXZ 0000000140003520 f i libucrtd:fclose.obj
 0001:00002550       ?release@?$__crt_unique_heap_ptr@DU__crt_internal_free_policy@@@@QEAAXXZ 0000000140003550 f i libvcruntimed:std_type_info.obj
 0001:00002550       ?release@?$__crt_unique_heap_ptr@EU__crt_internal_free_policy@@@@QEAAXXZ 0000000140003550 f i libucrtd:argv_parsing.obj
 0001:00002550       ?release@?$__crt_unique_heap_ptr@P6AXXZU__crt_internal_free_policy@@@@QEAAXXZ 0000000140003550 f i libucrtd:onexit.obj
 0001:00002550       ?release@?$__crt_unique_heap_ptr@PEADU__crt_internal_free_policy@@@@QEAAXXZ 0000000140003550 f i libucrtd:argv_parsing.obj
 0001:00002550       ?release@?$__crt_unique_heap_ptr@PEAU__crt_stdio_stream_data@@U__crt_internal_free_policy@@@@QEAAXXZ 0000000140003550 f i libucrtd:_file.obj
 0001:00002550       ?release@?$__crt_unique_heap_ptr@PEA_WU__crt_internal_free_policy@@@@QEAAXXZ 0000000140003550 f i libucrtd:argv_parsing.obj
 0001:00002550       ?release@?$__crt_unique_heap_ptr@U__acrt_ptd@@U__crt_internal_free_policy@@@@QEAAXXZ 0000000140003550 f i libucrtd:per_thread_data.obj
 0001:00002550       ?release@?$__crt_unique_heap_ptr@U__crt_lowio_handle_data@@U__crt_internal_free_policy@@@@QEAAXXZ 0000000140003550 f i libucrtd:osfinfo.obj
 0001:00002550       ?release@?$__crt_unique_heap_ptr@U__crt_multibyte_data@@U__crt_internal_free_policy@@@@QEAAXXZ 0000000140003550 f i libucrtd:wsetlocale.obj
 0001:00002550       ?release@?$__crt_unique_heap_ptr@U__crt_stdio_stream_data@@U__crt_internal_free_policy@@@@QEAAXXZ 0000000140003550 f i libucrtd:stream.obj
 0001:00002550       ?release@?$__crt_unique_heap_ptr@U__vcrt_ptd@@U__crt_internal_free_policy@@@@QEAAXXZ 0000000140003550 f i libvcruntimed:per_thread_data.obj
 0001:00002580       __std_type_info_compare    0000000140003580 f   libvcruntimed:std_type_info.obj
 0001:000025c0       __DestructExceptionObject  00000001400035c0 f   libvcruntimed:ehhelpers.obj
 0001:000026c0       ?_CallMemberFunction0@@YAXQEAX0@Z 00000001400036c0 f i libvcruntimed:ehhelpers.obj
 0001:00002790       _IsExceptionObjectToBeDestroyed 0000000140003790 f   libvcruntimed:ehhelpers.obj
 0001:000027e0       __AdjustPointer            00000001400037e0 f   libvcruntimed:ehhelpers.obj
 0001:00002860       __FrameUnwindFilter        0000000140003860 f   libvcruntimed:ehhelpers.obj
 0001:00002910       __current_exception        0000000140003910 f   libvcruntimed:ehhelpers.obj
 0001:00002930       __current_exception_context 0000000140003930 f   libvcruntimed:ehhelpers.obj
 0001:00002960       _NLG_Notify                0000000140003960 f   libvcruntimed:notify.obj
 0001:00002980       __NLG_Dispatch2            0000000140003980 f   libvcruntimed:notify.obj
 0001:00002990       __NLG_Return2              0000000140003990 f   libvcruntimed:notify.obj
 0001:000029a0       __except_validate_context_record 00000001400039a0 f   libvcruntimed:jbcxrval.obj
 0001:00002a40       ?detach@?$__crt_unique_heap_ptr@DU__crt_internal_free_policy@@@@QEAAPEADXZ 0000000140003a40 f i libucrtd:environment_initialization.obj
 0001:00002a40       ?detach@?$__crt_unique_heap_ptr@DU__crt_public_free_policy@@@@QEAAPEADXZ 0000000140003a40 f i libvcruntimed:std_exception.obj
 0001:00002a40       ?detach@?$__crt_unique_heap_ptr@EU__crt_internal_free_policy@@@@QEAAPEAEXZ 0000000140003a40 f i libucrtd:argv_parsing.obj
 0001:00002a40       ?detach@?$__crt_unique_heap_ptr@P6AXXZU__crt_internal_free_policy@@@@QEAAPEAP6AXXZXZ 0000000140003a40 f i libucrtd:onexit.obj
 0001:00002a40       ?detach@?$__crt_unique_heap_ptr@PEADU__crt_internal_free_policy@@@@QEAAPEAPEADXZ 0000000140003a40 f i libucrtd:argv_parsing.obj
 0001:00002a40       ?detach@?$__crt_unique_heap_ptr@PEAU__crt_stdio_stream_data@@U__crt_internal_free_policy@@@@QEAAPEAPEAU__crt_stdio_stream_data@@XZ 0000000140003a40 f i libucrtd:_file.obj
 0001:00002a40       ?detach@?$__crt_unique_heap_ptr@PEA_WU__crt_internal_free_policy@@@@QEAAPEAPEA_WXZ 0000000140003a40 f i libucrtd:argv_parsing.obj
 0001:00002a40       ?detach@?$__crt_unique_heap_ptr@U__acrt_ptd@@U__crt_internal_free_policy@@@@QEAAPEAU__acrt_ptd@@XZ 0000000140003a40 f i libucrtd:per_thread_data.obj
 0001:00002a40       ?detach@?$__crt_unique_heap_ptr@U__crt_lowio_handle_data@@U__crt_internal_free_policy@@@@QEAAPEAU__crt_lowio_handle_data@@XZ 0000000140003a40 f i libucrtd:osfinfo.obj
 0001:00002a40       ?detach@?$__crt_unique_heap_ptr@U__crt_multibyte_data@@U__crt_internal_free_policy@@@@QEAAPEAU__crt_multibyte_data@@XZ 0000000140003a40 f i libucrtd:wsetlocale.obj
 0001:00002a40       ?detach@?$__crt_unique_heap_ptr@U__crt_stdio_stream_data@@U__crt_internal_free_policy@@@@QEAAPEAU__crt_stdio_stream_data@@XZ 0000000140003a40 f i libucrtd:stream.obj
 0001:00002a40       ?detach@?$__crt_unique_heap_ptr@U__vcrt_ptd@@U__crt_internal_free_policy@@@@QEAAPEAU__vcrt_ptd@@XZ 0000000140003a40 f i libvcruntimed:per_thread_data.obj
 0001:00002ab0       __vcrt_freefls             0000000140003ab0 f   libvcruntimed:per_thread_data.obj
 0001:00002af0       __vcrt_getptd              0000000140003af0 f   libvcruntimed:per_thread_data.obj
 0001:00002b20       __vcrt_getptd_noexit       0000000140003b20 f   libvcruntimed:per_thread_data.obj
 0001:00002cc0       __vcrt_initialize_ptd      0000000140003cc0 f   libvcruntimed:per_thread_data.obj
 0001:00002d10       __vcrt_uninitialize_ptd    0000000140003d10 f   libvcruntimed:per_thread_data.obj
 0001:00002d40       __vcrt_initialize_locks    0000000140003d40 f   libvcruntimed:locks.obj
 0001:00002db0       __vcrt_uninitialize_locks  0000000140003db0 f   libvcruntimed:locks.obj
 0001:00002e10       _vsprintf_s_l              0000000140003e10 f i libvcruntimed:undname.obj
 0001:00002e80       sprintf_s                  0000000140003e80 f i libvcruntimed:undname.obj
 0001:00002ee0       ??$__crt_interlocked_exchange_pointer@UHINSTANCE__@@PEAU1@@@YAPEAUHINSTANCE__@@PEDSEAU0@QEAU0@@Z 0000000140003ee0 f i libvcruntimed:winapi_downlevel.obj
 0001:00002ee0       ??$__crt_interlocked_exchange_pointer@UHINSTANCE__@@PEAX@@YAPEAUHINSTANCE__@@PEDSEAU0@QEAX@Z 0000000140003ee0 f i libvcruntimed:winapi_downlevel.obj
 0001:00002ee0       ??$__crt_interlocked_exchange_pointer@XPEAX@@YAPEAXPEDSEAXQEAX@Z 0000000140003ee0 f i libvcruntimed:winapi_downlevel.obj
 0001:00002f00       ??$__crt_interlocked_read_pointer@UHINSTANCE__@@@@YAPEAUHINSTANCE__@@PEDSEAU0@@Z 0000000140003f00 f i libvcruntimed:winapi_downlevel.obj
 0001:00002f00       ??$__crt_interlocked_read_pointer@X@@YAPEAXPEDSEAX@Z 0000000140003f00 f i libvcruntimed:winapi_downlevel.obj
 0001:00002f20       ?get_invalid_value@__crt_findfile_traits@@SAPEAXXZ 0000000140003f20 f   libucrtd:argv_wildcards.obj
 0001:00003410       __vcrt_FlsAlloc            0000000140004410 f   libvcruntimed:winapi_downlevel.obj
 0001:00003460       __vcrt_FlsFree             0000000140004460 f   libvcruntimed:winapi_downlevel.obj
 0001:000034b0       __vcrt_FlsGetValue         00000001400044b0 f   libvcruntimed:winapi_downlevel.obj
 0001:00003500       __vcrt_FlsSetValue         0000000140004500 f   libvcruntimed:winapi_downlevel.obj
 0001:00003560       __vcrt_InitializeCriticalSectionEx 0000000140004560 f   libvcruntimed:winapi_downlevel.obj
 0001:000035e0       memcpy_repmovs             00000001400045e0 f   libvcruntimed:memcpy.obj
 0001:00003600       memcpy                     0000000140004600 f   libvcruntimed:memcpy.obj
 0001:00003600       memmove                    0000000140004600 f   libvcruntimed:memcpy.obj
 0001:00003c80       ??$?0AEAViterator@TryBlockMap@__FrameHandler3@@AEAV012@$0A@@?$pair@Viterator@TryBlockMap@__FrameHandler3@@V123@@std@@QEAA@AEAViterator@TryBlockMap@__FrameHandler3@@0@Z 0000000140004c80 f i libvcruntimed:risctrnsctrl.obj
 0001:00003db0       ??$_CallSETranslator@V__FrameHandler3@@@@YAHPEAUEHExceptionRecord@@PEA_KPEAU_CONTEXT@@PEAU_xDISPATCHER_CONTEXT@@PEBU_s_FuncInfo@@K1H@Z 0000000140004db0 f i libvcruntimed:risctrnsctrl.obj
 0001:00003e40       ??$forward@AEAViterator@TryBlockMap@__FrameHandler3@@@std@@YAAEAViterator@TryBlockMap@__FrameHandler3@@AEAV123@@Z 0000000140004e40 f i libvcruntimed:risctrnsctrl.obj
 0001:00003e40       ?dangerous_get_state_array@?$dual_state_global@H@__crt_state_management@@QEAAPEAHXZ 0000000140004e40 f i libucrtd:txtmode.obj
 0001:00003e40       ?dangerous_get_state_array@?$dual_state_global@P6AXPEB_W00I_K@Z@__crt_state_management@@QEAAPEAP6AXPEB_W00I_K@ZXZ 0000000140004e40 f i libucrtd:invalid_parameter.obj
 0001:00003e40       ?dangerous_get_state_array@?$dual_state_global@PEAE@__crt_state_management@@QEAAPEAPEAEXZ 0000000140004e40 f i libucrtd:mbctype.obj
 0001:00003e40       ?dangerous_get_state_array@?$dual_state_global@PEAU__crt_locale_data@@@__crt_state_management@@QEAAPEAPEAU__crt_locale_data@@XZ 0000000140004e40 f i libucrtd:per_thread_data.obj
 0001:00003e40       ?dangerous_get_state_array@?$dual_state_global@PEAU__crt_multibyte_data@@@__crt_state_management@@QEAAPEAPEAU__crt_multibyte_data@@XZ 0000000140004e40 f i libucrtd:mbctype.obj
 0001:00003e40       ?debug_info@?$__crt_win32_buffer@DU__crt_win32_buffer_internal_dynamic_resizing@@@@QEBAAEBV__crt_win32_buffer_empty_debug_info@@XZ 0000000140004e40 f i libucrtd:argv_wildcards.obj
 0001:00003e40       ?debug_info@?$__crt_win32_buffer@DU__crt_win32_buffer_no_resizing@@@@QEBAAEBV__crt_win32_buffer_empty_debug_info@@XZ 0000000140004e40 f i libucrtd:getmodulefilenamea.obj
 0001:00003e40       ?debug_info@?$__crt_win32_buffer@_WU__crt_win32_buffer_internal_dynamic_resizing@@@@QEBAAEBV__crt_win32_buffer_empty_debug_info@@XZ 0000000140004e40 f i libucrtd:argv_wildcards.obj
 0001:00003e40       ?get_address_of@?$__crt_unique_handle_t@U__crt_hmodule_traits@@@@QEAAPEAPEAUHINSTANCE__@@XZ 0000000140004e40 f i libucrtd:exit.obj
 0001:00003e40       ?get_address_of@?$__crt_unique_heap_ptr@PEADU__crt_internal_free_policy@@@@QEAAPEAPEAPEADXZ 0000000140004e40 f i libucrtd:argv_parsing.obj
 0001:00003e50       ??0iterator@HandlerMap@__FrameHandler3@@QEAA@AEAV12@I@Z 0000000140004e50 f i libvcruntimed:frame.obj
 0001:00003e50       ??0iterator@TryBlockMap@__FrameHandler3@@QEAA@AEAV12@I@Z 0000000140004e50 f i libvcruntimed:risctrnsctrl.obj
 0001:00003e80       ?CatchTryBlock@__FrameHandler3@@SAPEBU_s_TryBlockMapEntry@@PEBU_s_FuncInfo@@H@Z 0000000140004e80 f   libvcruntimed:risctrnsctrl.obj
 0001:00003f10       ?ExecutionInCatch@__FrameHandler3@@SA_NPEAU_xDISPATCHER_CONTEXT@@PEBU_s_FuncInfo@@@Z 0000000140004f10 f   libvcruntimed:risctrnsctrl.obj
 0001:00003f60       ?FrameUnwindToEmptyState@__FrameHandler3@@SAXPEA_KPEAU_xDISPATCHER_CONTEXT@@PEBU_s_FuncInfo@@@Z 0000000140004f60 f   libvcruntimed:risctrnsctrl.obj
 0001:00004000       ?GetEstablisherFrame@__FrameHandler3@@SAPEA_KPEA_KPEAU_xDISPATCHER_CONTEXT@@PEBU_s_FuncInfo@@0@Z 0000000140005000 f   libvcruntimed:risctrnsctrl.obj
 0001:00004170       ?GetRangeOfTrysToCheck@__FrameHandler3@@SA?AU?$pair@Viterator@TryBlockMap@__FrameHandler3@@V123@@std@@AEAVTryBlockMap@1@HPEAU_xDISPATCHER_CONTEXT@@PEBU_s_FuncInfo@@H@Z 0000000140005170 f   libvcruntimed:risctrnsctrl.obj
 0001:000043b0       ?UnwindNestedFrames@__FrameHandler3@@SAXPEA_KPEAUEHExceptionRecord@@PEAU_CONTEXT@@0PEAXPEBU_s_FuncInfo@@HHPEBU_s_HandlerType@@PEAU_xDISPATCHER_CONTEXT@@E@Z 00000001400053b0 f   libvcruntimed:risctrnsctrl.obj
 0001:00004520       _CreateFrameInfo           0000000140005520 f   libvcruntimed:risctrnsctrl.obj
 0001:00004590       _FindAndUnlinkFrame        0000000140005590 f   libvcruntimed:risctrnsctrl.obj
 0001:00004610       _GetImageBase              0000000140005610 f   libvcruntimed:risctrnsctrl.obj
 0001:00004630       _GetThrowImageBase         0000000140005630 f   libvcruntimed:risctrnsctrl.obj
 0001:00004650       _SetImageBase              0000000140005650 f   libvcruntimed:risctrnsctrl.obj
 0001:00004670       _SetThrowImageBase         0000000140005670 f   libvcruntimed:risctrnsctrl.obj
 0001:00004690       __CxxFrameHandler3         0000000140005690 f   libvcruntimed:risctrnsctrl.obj
 0001:00004770       ?GetCurrentState@__FrameHandler3@@SAHPEA_KPEAU_xDISPATCHER_CONTEXT@@PEBU_s_FuncInfo@@@Z 0000000140005770 f   libvcruntimed:ehstate.obj
 0001:000047d0       ?GetUnwindTryBlock@__FrameHandler3@@SAHPEA_KPEAU_xDISPATCHER_CONTEXT@@PEBU_s_FuncInfo@@@Z 00000001400057d0 f   libvcruntimed:ehstate.obj
 0001:00004820       ?SetState@__FrameHandler3@@SAXPEA_KPEBU_s_FuncInfo@@H@Z 0000000140005820 f   libvcruntimed:ehstate.obj
 0001:00004850       ?SetUnwindTryBlock@__FrameHandler3@@SAXPEA_KPEAU_xDISPATCHER_CONTEXT@@PEBU_s_FuncInfo@@H@Z 0000000140005850 f   libvcruntimed:ehstate.obj
 0001:000048c0       ?StateFromControlPc@__FrameHandler3@@SAHPEBU_s_FuncInfo@@PEAU_xDISPATCHER_CONTEXT@@@Z 00000001400058c0 f   libvcruntimed:ehstate.obj
 0001:00004900       ?StateFromIp@__FrameHandler3@@SAHPEBU_s_FuncInfo@@PEAU_xDISPATCHER_CONTEXT@@_K@Z 0000000140005900 f   libvcruntimed:ehstate.obj
 0001:000049f0       ?__RVAtoRealOffset@@YA_KPEAU_xDISPATCHER_CONTEXT@@H@Z 00000001400059f0 f i libvcruntimed:ehstate.obj
 0001:00005bc0       ??$TypeMatchHelper@V__FrameHandler3@@@@YAHPEBU_s_HandlerType@@PEBU_s_CatchableType@@PEBU_s_ThrowInfo@@@Z 0000000140006bc0 f i libvcruntimed:frame.obj
 0001:00005dc0       ??$__InternalCxxFrameHandler@V__FrameHandler3@@@@YA?AW4_EXCEPTION_DISPOSITION@@PEAUEHExceptionRecord@@PEA_KPEAU_CONTEXT@@PEAU_xDISPATCHER_CONTEXT@@PEBU_s_FuncInfo@@H1E@Z 0000000140006dc0 f i libvcruntimed:frame.obj
 0001:00006230       ??$__InternalCxxFrameHandlerWrapper@V__FrameHandler3@@@@YA?AW4_EXCEPTION_DISPOSITION@@PEAUEHExceptionRecord@@PEA_KPEAU_CONTEXT@@PEAU_xDISPATCHER_CONTEXT@@PEBU_s_FuncInfo@@H1E@Z 0000000140007230 f i libvcruntimed:frame.obj
 0001:000062a0       ??0HandlerMap@__FrameHandler3@@QEAA@PEBU_s_TryBlockMapEntry@@_KI@Z 00000001400072a0 f i libvcruntimed:frame.obj
 0001:000062f0       ??0TryBlockMap@__FrameHandler3@@QEAA@PEBU_s_FuncInfo@@_K@Z 00000001400072f0 f i libvcruntimed:frame.obj
 0001:00006320       ??0bad_exception@std@@QEAA@AEBV01@@Z 0000000140007320 f i libvcruntimed:frame.obj
 0001:00006360       ??0bad_exception@std@@QEAA@XZ 0000000140007360 f i libvcruntimed:frame.obj
 0001:000063a0       ??0exception@std@@QEAA@AEBV01@@Z 00000001400073a0 f i libvcruntimed:frame.obj
 0001:00006400       ??0exception@std@@QEAA@QEBDH@Z 0000000140007400 f i libvcruntimed:frame.obj
 0001:00006450       ??1bad_exception@std@@UEAA@XZ 0000000140007450 f i libvcruntimed:frame.obj
 0001:00006470       ??1exception@std@@UEAA@XZ  0000000140007470 f i libvcruntimed:frame.obj
 0001:000064a0       ??8iterator@HandlerMap@__FrameHandler3@@QEBA_NAEBV012@@Z 00000001400074a0 f i libvcruntimed:frame.obj
 0001:000064e0       ??8type_info@@QEBA_NAEBV0@@Z 00000001400074e0 f i libvcruntimed:frame.obj
 0001:00006560       ??9iterator@HandlerMap@__FrameHandler3@@QEBA_NAEBV012@@Z 0000000140007560 f i libvcruntimed:frame.obj
 0001:000065a0       ??Diterator@HandlerMap@__FrameHandler3@@QEAA?BU_s_HandlerType@@XZ 00000001400075a0 f i libvcruntimed:frame.obj
 0001:000065e0       ??Diterator@TryBlockMap@__FrameHandler3@@QEAA?BU_s_TryBlockMapEntry@@XZ 00000001400075e0 f i libvcruntimed:frame.obj
 0001:00006630       ??Eiterator@HandlerMap@__FrameHandler3@@QEAAAEAV012@XZ 0000000140007630 f i libvcruntimed:frame.obj
 0001:00006630       ??Eiterator@TryBlockMap@__FrameHandler3@@QEAAAEAV012@XZ 0000000140007630 f i libvcruntimed:frame.obj
 0001:00006650       ??Miterator@TryBlockMap@__FrameHandler3@@QEBA_NAEBV012@@Z 0000000140007650 f i libvcruntimed:frame.obj
 0001:00006690       ??_Ebad_exception@std@@UEAAPEAXI@Z 0000000140007690 f i libvcruntimed:frame.obj
 0001:00006690       ??_Gbad_exception@std@@UEAAPEAXI@Z 0000000140007690 f i libvcruntimed:frame.obj
 0001:000066d0       ??_Eexception@std@@UEAAPEAXI@Z 00000001400076d0 f i libvcruntimed:frame.obj
 0001:000066d0       ??_Gexception@std@@UEAAPEAXI@Z 00000001400076d0 f i libvcruntimed:frame.obj
 0001:00006710       ?BuildCatchObject@__FrameHandler3@@SAXPEAUEHExceptionRecord@@PEAXPEBU_s_HandlerType@@PEBU_s_CatchableType@@@Z 0000000140007710 f   libvcruntimed:frame.obj
 0001:00006750       ?CxxCallCatchBlock@__FrameHandler3@@SAPEAXPEAU_EXCEPTION_RECORD@@@Z 0000000140007750 f   libvcruntimed:frame.obj
 0001:00006ab0       ?FrameUnwindToState@__FrameHandler3@@SAXPEA_KPEAU_xDISPATCHER_CONTEXT@@PEBU_s_FuncInfo@@H@Z 0000000140007ab0 f   libvcruntimed:frame.obj
 0001:00006d00       ?GetHandlerSearchState@__FrameHandler3@@SAHPEA_KPEAU_xDISPATCHER_CONTEXT@@PEBU_s_FuncInfo@@@Z 0000000140007d00 f i libvcruntimed:frame.obj
 0001:00006db0       ?GetMaxState@__FrameHandler3@@SAHPEAU_xDISPATCHER_CONTEXT@@PEBU_s_FuncInfo@@@Z 0000000140007db0 f i libvcruntimed:frame.obj
 0001:00006fb0       ?TypeMatch@__FrameHandler3@@SAHPEBU_s_HandlerType@@PEBU_s_CatchableType@@PEBU_s_ThrowInfo@@@Z 0000000140007fb0 f   libvcruntimed:frame.obj
 0001:00006fb0       __TypeMatch                0000000140007fb0 f   libvcruntimed:frame.obj
 0001:00006fe0       ?_CallMemberFunction1@@YAXQEAX00@Z 0000000140007fe0 f i libvcruntimed:frame.obj
 0001:00007020       ?_CallMemberFunction2@@YAXQEAX00H@Z 0000000140008020 f i libvcruntimed:frame.obj
 0001:000070b0       ?begin@HandlerMap@__FrameHandler3@@QEAA?AViterator@12@XZ 00000001400080b0 f i libvcruntimed:frame.obj
 0001:000070e0       ?end@HandlerMap@__FrameHandler3@@QEAA?AViterator@12@XZ 00000001400080e0 f i libvcruntimed:frame.obj
 0001:00007110       ?getESTypes@__FrameHandler3@@SAPEBU_s_ESTypeList@@PEBU_s_FuncInfo@@@Z 0000000140008110 f i libvcruntimed:frame.obj
 0001:00007150       ?getLastEntry@HandlerMap@__FrameHandler3@@QEAAPEBU_s_HandlerType@@XZ 0000000140008150 f i libvcruntimed:frame.obj
 0001:00007170       ?getMagicNum@__FrameHandler3@@SAIPEBU_s_FuncInfo@@@Z 0000000140008170 f i libvcruntimed:frame.obj
 0001:00007190       ?getNumTryBlocks@TryBlockMap@__FrameHandler3@@QEAAIXZ 0000000140008190 f i libvcruntimed:frame.obj
 0001:000071b0       ?isEHs@__FrameHandler3@@SA_NPEBU_s_FuncInfo@@@Z 00000001400081b0 f i libvcruntimed:frame.obj
 0001:000071f0       ?isNoExcept@__FrameHandler3@@SA_NPEBU_s_FuncInfo@@@Z 00000001400081f0 f i libvcruntimed:frame.obj
 0001:00007230       ?what@exception@std@@UEBAPEBDXZ 0000000140008230 f i libvcruntimed:frame.obj
 0001:00007270       __vcrt_EncodePointer       0000000140008270 f i libvcruntimed:frame.obj
 0001:000072a0       memset_repstos             00000001400082a0 f   libvcruntimed:memset.obj
 0001:000072c0       memset                     00000001400082c0 f   libvcruntimed:memset.obj
 0001:00007660       _CallSettingFrame          0000000140008660 f   libvcruntimed:handlers.obj
 0001:000076b0       _CallSettingFrame_LookupContinuationIndex 00000001400086b0 f   libvcruntimed:handlers.obj
 0001:000076e0       _CallSettingFrame_NotifyContinuationAddr 00000001400086e0 f   libvcruntimed:handlers.obj
 0001:00007710       _CallSettingFrameEncoded   0000000140008710 f   libvcruntimed:handlers.obj
 0001:00007760       ??$?RD@__crt_public_free_policy@@QEBAXQEBD@Z 0000000140008760 f i libvcruntimed:std_exception.obj
 0001:00007780       ??1?$__crt_unique_heap_ptr@DU__crt_public_free_policy@@@@QEAA@XZ 0000000140008780 f i libvcruntimed:std_exception.obj
 0001:000077a0       ?release@?$__crt_unique_heap_ptr@DU__crt_public_free_policy@@@@QEAAXXZ 00000001400087a0 f i libvcruntimed:std_exception.obj
 0001:000077d0       __std_exception_copy       00000001400087d0 f   libvcruntimed:std_exception.obj
 0001:00007910       __std_exception_destroy    0000000140008910 f   libvcruntimed:std_exception.obj
 0001:00007950       _CxxThrowException         0000000140008950 f   libvcruntimed:throw.obj
 0001:00007a80       __acrt_initialize_stdio    0000000140008a80 f   libucrtd:_file.obj
 0001:00007c70       __acrt_iob_func            0000000140008c70 f   libucrtd:_file.obj
 0001:00007c90       __acrt_uninitialize_stdio  0000000140008c90 f   libucrtd:_file.obj
 0001:00007d20       _lock_file                 0000000140008d20 f   libucrtd:_file.obj
 0001:00007d60       _unlock_file               0000000140008d60 f   libucrtd:_file.obj
 0001:00007da0       ??$__crt_interlocked_read@H@@YAHPEDH@Z 0000000140008da0 f i libucrtd:setmode.obj
 0001:00007da0       ??$__crt_interlocked_read@J@@YAJPEDJ@Z 0000000140008da0 f i libucrtd:fclose.obj
 0001:00007dc0       ??0?$cached@H@__crt_cached_ptd_host@@QEAA@XZ 0000000140008dc0 f i libucrtd:fclose.obj
 0001:00007dc0       ??0?$cached@K@__crt_cached_ptd_host@@QEAA@XZ 0000000140008dc0 f i libucrtd:fclose.obj
 0001:00007de0       ??0__crt_cached_ptd_host@@QEAA@QEAU__crt_locale_pointers@@@Z 0000000140008de0 f i libucrtd:fclose.obj
 0001:00007ea0       ??0__crt_scoped_get_last_error_reset@@QEAA@XZ 0000000140008ea0 f i libucrtd:fclose.obj
 0001:00007ec0       ??1__crt_cached_ptd_host@@QEAA@XZ 0000000140008ec0 f i libucrtd:fclose.obj
 0001:00007f70       ??1__crt_scoped_get_last_error_reset@@QEAA@XZ 0000000140008f70 f i libucrtd:fclose.obj
 0001:00007f90       ?__crt_interlocked_read_32@@YAHPEDH@Z 0000000140008f90 f i libucrtd:fclose.obj
 0001:000082c0       ?check_synchronize_global_state_index@__crt_cached_ptd_host@@AEAA_KAEBV__crt_scoped_get_last_error_reset@@@Z 00000001400092c0 f i libucrtd:fclose.obj
 0001:00008300       ?check_synchronize_per_thread_data@__crt_cached_ptd_host@@AEAAPEAU__acrt_ptd@@XZ 0000000140009300 f i libucrtd:fclose.obj
 0001:00008340       ?force_synchronize_global_state_index@__crt_cached_ptd_host@@AEAA_KAEBV__crt_scoped_get_last_error_reset@@@Z 0000000140009340 f i libucrtd:fclose.obj
 0001:00008380       ?force_synchronize_per_thread_data@__crt_cached_ptd_host@@AEAAPEAU__acrt_ptd@@XZ 0000000140009380 f i libucrtd:fclose.obj
 0001:000083e0       ?get_errno@__crt_cached_ptd_host@@QEAAAEAU?$cached@H@1@XZ 00000001400093e0 f i libucrtd:fclose.obj
 0001:000083f0       ?get_flags@__crt_stdio_stream@@QEBAJXZ 00000001400093f0 f i libucrtd:fclose.obj
 0001:00008420       ?get_raw_ptd@__crt_cached_ptd_host@@QEAAPEAU__acrt_ptd@@XZ 0000000140009420 f i libucrtd:fclose.obj
 0001:00008440       ?is_in_use@__crt_stdio_stream@@QEBA_NXZ 0000000140009440 f i libucrtd:fclose.obj
 0001:00008480       ?is_string_backed@__crt_stdio_stream@@QEBA_NXZ 0000000140009480 f i libucrtd:fclose.obj
 0001:000084c0       ?set@?$cached@H@__crt_cached_ptd_host@@QEAAHH@Z 00000001400094c0 f i libucrtd:fclose.obj
 0001:000084c0       ?set@?$cached@K@__crt_cached_ptd_host@@QEAAKK@Z 00000001400094c0 f i libucrtd:errno.obj
 0001:000084f0       ?unsafe_value@?$cached@H@__crt_cached_ptd_host@@QEAAHXZ 00000001400094f0 f i libucrtd:fclose.obj
 0001:000084f0       ?unsafe_value@?$cached@K@__crt_cached_ptd_host@@QEAAKXZ 00000001400094f0 f i libucrtd:fclose.obj
 0001:00008500       ?valid@?$cached@H@__crt_cached_ptd_host@@QEBA_NXZ 0000000140009500 f i libucrtd:fclose.obj
 0001:00008500       ?valid@?$cached@K@__crt_cached_ptd_host@@QEBA_NXZ 0000000140009500 f i libucrtd:fclose.obj
 0001:00008510       __acrt_enable_global_locale_sync 0000000140009510 f i libucrtd:fclose.obj
 0001:00008540       __acrt_locale_changed      0000000140009540 f i libucrtd:fclose.obj
 0001:00008570       fclose                     0000000140009570 f   libucrtd:fclose.obj
 0001:000085b0       ?error@__crt_stdio_stream@@QEBA_NXZ 00000001400095b0 f i libucrtd:feoferr.obj
 0001:000085d0       ?has_any_of@__crt_stdio_stream@@QEBA_NJ@Z 00000001400095d0 f i libucrtd:feoferr.obj
 0001:00008610       ferror                     0000000140009610 f   libucrtd:feoferr.obj
 0001:00008990       ??$open_file@AEBQEBDAEBQEBDAEBHPEAU_iobuf@@@?$__crt_char_traits@D@@SAPEAU_iobuf@@AEBQEBD0AEBH$$QEAPEAU1@@Z 0000000140009990 f i libucrtd:fopen.obj
 0001:000089e0       ?unlock@__crt_stdio_stream@@QEBAXXZ 00000001400099e0 f i libucrtd:fopen.obj
 0001:00008a00       fopen                      0000000140009a00 f   libucrtd:fopen.obj
 0001:00008a30       ?__acrt_stdio_reset_buffer@@YAXV__crt_stdio_stream@@@Z 0000000140009a30 f i libucrtd:fread.obj
 0001:00008a80       ?has_any_buffer@__crt_stdio_stream@@QEBA_NXZ 0000000140009a80 f i libucrtd:fread.obj
 0001:00008aa0       ?set_flags@__crt_stdio_stream@@QEBA_NJ@Z 0000000140009aa0 f i libucrtd:fread.obj
 0001:00008b10       _fread_nolock_s            0000000140009b10 f   libucrtd:fread.obj
 0001:000094c0       fread                      000000014000a4c0 f   libucrtd:fread.obj
 0001:00009510       fread_s                    000000014000a510 f   libucrtd:fread.obj
 0001:000097a0       ?LongLongSub@@YAJ_J0PEA_J@Z 000000014000a7a0 f i libucrtd:fseek.obj
 0001:00009eb0       ?has_all_of@__crt_stdio_stream@@QEBA_NJ@Z 000000014000aeb0 f i libucrtd:fseek.obj
 0001:00009ef0       ?lowio_handle@__crt_stdio_stream@@QEBAHXZ 000000014000aef0 f i libucrtd:fseek.obj
 0001:00009f20       ?unset_flags@__crt_stdio_stream@@QEBA_NJ@Z 000000014000af20 f i libucrtd:fseek.obj
 0001:00009f80       fseek                      000000014000af80 f   libucrtd:fseek.obj
 0001:0000ad90       ?ctrl_z@__crt_stdio_stream@@QEBA_NXZ 000000014000bd90 f i libucrtd:ftell.obj
 0001:0000adb0       ?has_big_buffer@__crt_stdio_stream@@QEBA_NXZ 000000014000bdb0 f i libucrtd:ftell.obj
 0001:0000add0       ?has_crt_buffer@__crt_stdio_stream@@QEBA_NXZ 000000014000bdd0 f i libucrtd:ftell.obj
 0001:0000adf0       ?has_setvbuf_buffer@__crt_stdio_stream@@QEBA_NXZ 000000014000bdf0 f i libucrtd:ftell.obj
 0001:0000ae10       _ftelli64_nolock_internal  000000014000be10 f   libucrtd:ftell.obj
 0001:0000ae40       _utf8_no_of_trailbytes     000000014000be40 f i libucrtd:ftell.obj
 0001:0000ae60       ftell                      000000014000be60 f   libucrtd:ftell.obj
 0001:0000afe0       ??0__acrt_stdio_temporary_buffering_guard@@QEAA@QEAU_iobuf@@AEAV__crt_cached_ptd_host@@@Z 000000014000bfe0 f i libucrtd:fwrite.obj
 0001:0000b030       ??1__acrt_stdio_temporary_buffering_guard@@QEAA@XZ 000000014000c030 f i libucrtd:fwrite.obj
 0001:0000b130       _fwrite_internal           000000014000c130 f   libucrtd:fwrite.obj
 0001:0000b2a0       _fwrite_nolock_internal    000000014000c2a0 f   libucrtd:fwrite.obj
 0001:0000bad0       fwrite                     000000014000cad0 f   libucrtd:fwrite.obj
 0001:0000bc40       _get_sys_err_msg           000000014000cc40 f i libucrtd:perror.obj
 0001:0000bcf0       perror                     000000014000ccf0 f   libucrtd:perror.obj
 0001:0000bd30       ??$?0AEBV?$stream_output_adapter@D@__crt_stdio_output@@AEB_KAEBQEBDAEAV__crt_cached_ptd_host@@AEBQEAD@?$standard_base@DV?$stream_output_adapter@D@__crt_stdio_output@@@__crt_stdio_output@@IEAA@AEBV?$stream_output_adapter@D@1@AEB_KAEBQEBDAEAV__crt_cached_ptd_host@@AEBQEAD@Z 000000014000cd30 f i libucrtd:output.obj
 0001:0000bd30       ??$?0AEBV?$string_output_adapter@D@__crt_stdio_output@@AEB_KAEBQEBDAEAV__crt_cached_ptd_host@@AEBQEAD@?$standard_base@DV?$string_output_adapter@D@__crt_stdio_output@@@__crt_stdio_output@@IEAA@AEBV?$string_output_adapter@D@1@AEB_KAEBQEBDAEAV__crt_cached_ptd_host@@AEBQEAD@Z 000000014000cd30 f i libucrtd:output.obj
 0001:0000bda0       ??$?0AEBV?$string_output_adapter@D@__crt_stdio_output@@AEB_KAEBQEBDAEAV__crt_cached_ptd_host@@AEBQEAD@?$format_validation_base@DV?$string_output_adapter@D@__crt_stdio_output@@@__crt_stdio_output@@IEAA@AEBV?$string_output_adapter@D@1@AEB_KAEBQEBDAEAV__crt_cached_ptd_host@@AEBQEAD@Z 000000014000cda0 f i libucrtd:output.obj
 0001:0000bdf0       ??$?0AEBV?$string_output_adapter@_W@__crt_stdio_output@@AEB_KAEBQEB_WAEAV__crt_cached_ptd_host@@AEBQEAD@?$format_validation_base@_WV?$string_output_adapter@_W@__crt_stdio_output@@@__crt_stdio_output@@IEAA@AEBV?$string_output_adapter@_W@1@AEB_KAEBQEB_WAEAV__crt_cached_ptd_host@@AEBQEAD@Z 000000014000cdf0 f i libucrtd:output.obj
 0001:0000be40       ??$?0AEBV?$string_output_adapter@_W@__crt_stdio_output@@AEB_KAEBQEB_WAEAV__crt_cached_ptd_host@@AEBQEAD@?$standard_base@_WV?$string_output_adapter@_W@__crt_stdio_output@@@__crt_stdio_output@@IEAA@AEBV?$string_output_adapter@_W@1@AEB_KAEBQEB_WAEAV__crt_cached_ptd_host@@AEBQEAD@Z 000000014000ce40 f i libucrtd:output.obj
 0001:0000bf60       ??$_tcstol_internal@DPEAPEAD$0A@@@YAJAEAV__crt_cached_ptd_host@@QEBDQEAPEADH@Z 000000014000cf60 f i libucrtd:output.obj
 0001:0000bfb0       ??$_tcstol_internal@_WPEAPEA_W$0A@@@YAJAEAV__crt_cached_ptd_host@@QEB_WQEAPEA_WH@Z 000000014000cfb0 f i libucrtd:output.obj
 0001:0000ddb0       ??$count@D@formatting_buffer@__crt_stdio_output@@QEBA_KXZ 000000014000edb0 f i libucrtd:output.obj
 0001:0000de00       ??$count@_W@formatting_buffer@__crt_stdio_output@@QEBA_KXZ 000000014000ee00 f i libucrtd:output.obj
 0001:0000de50       ??$data@D@formatting_buffer@__crt_stdio_output@@QEAAPEADXZ 000000014000ee50 f i libucrtd:output.obj
 0001:0000de50       ??$data@_W@formatting_buffer@__crt_stdio_output@@QEAAPEA_WXZ 000000014000ee50 f i libucrtd:output.obj
 0001:0000dea0       ??$ensure_buffer_is_big_enough@D@formatting_buffer@__crt_stdio_output@@QEAA_N_KAEAV__crt_cached_ptd_host@@@Z 000000014000eea0 f i libucrtd:output.obj
 0001:0000dfe0       ??$ensure_buffer_is_big_enough@_W@formatting_buffer@__crt_stdio_output@@QEAA_N_KAEAV__crt_cached_ptd_host@@@Z 000000014000efe0 f i libucrtd:output.obj
 0001:0000e120       ??$extract_argument_from_va_list@C_J@?$standard_base@DV?$stream_output_adapter@D@__crt_stdio_output@@@__crt_stdio_output@@IEAA_NAEA_J@Z 000000014000f120 f i libucrtd:output.obj
 0001:0000e120       ??$extract_argument_from_va_list@C_J@?$standard_base@DV?$string_output_adapter@D@__crt_stdio_output@@@__crt_stdio_output@@IEAA_NAEA_J@Z 000000014000f120 f i libucrtd:output.obj
 0001:0000e120       ??$extract_argument_from_va_list@C_J@?$standard_base@_WV?$string_output_adapter@_W@__crt_stdio_output@@@__crt_stdio_output@@IEAA_NAEA_J@Z 000000014000f120 f i libucrtd:output.obj
 0001:0000e160       ??$extract_argument_from_va_list@E_J@?$standard_base@DV?$stream_output_adapter@D@__crt_stdio_output@@@__crt_stdio_output@@IEAA_NAEA_J@Z 000000014000f160 f i libucrtd:output.obj
 0001:0000e160       ??$extract_argument_from_va_list@E_J@?$standard_base@DV?$string_output_adapter@D@__crt_stdio_output@@@__crt_stdio_output@@IEAA_NAEA_J@Z 000000014000f160 f i libucrtd:output.obj
 0001:0000e160       ??$extract_argument_from_va_list@E_J@?$standard_base@_WV?$string_output_adapter@_W@__crt_stdio_output@@@__crt_stdio_output@@IEAA_NAEA_J@Z 000000014000f160 f i libucrtd:output.obj
 0001:0000e1a0       ??$extract_argument_from_va_list@F_J@?$standard_base@DV?$stream_output_adapter@D@__crt_stdio_output@@@__crt_stdio_output@@IEAA_NAEA_J@Z 000000014000f1a0 f i libucrtd:output.obj
 0001:0000e1a0       ??$extract_argument_from_va_list@F_J@?$standard_base@DV?$string_output_adapter@D@__crt_stdio_output@@@__crt_stdio_output@@IEAA_NAEA_J@Z 000000014000f1a0 f i libucrtd:output.obj
 0001:0000e1a0       ??$extract_argument_from_va_list@F_J@?$standard_base@_WV?$string_output_adapter@_W@__crt_stdio_output@@@__crt_stdio_output@@IEAA_NAEA_J@Z 000000014000f1a0 f i libucrtd:output.obj
 0001:0000e1e0       ??$extract_argument_from_va_list@GD@?$standard_base@DV?$stream_output_adapter@D@__crt_stdio_output@@@__crt_stdio_output@@IEAA_NAEAD@Z 000000014000f1e0 f i libucrtd:output.obj
 0001:0000e1e0       ??$extract_argument_from_va_list@GD@?$standard_base@DV?$string_output_adapter@D@__crt_stdio_output@@@__crt_stdio_output@@IEAA_NAEAD@Z 000000014000f1e0 f i libucrtd:output.obj
 0001:0000e210       ??$extract_argument_from_va_list@G_J@?$standard_base@DV?$stream_output_adapter@D@__crt_stdio_output@@@__crt_stdio_output@@IEAA_NAEA_J@Z 000000014000f210 f i libucrtd:output.obj
 0001:0000e210       ??$extract_argument_from_va_list@G_J@?$standard_base@DV?$string_output_adapter@D@__crt_stdio_output@@@__crt_stdio_output@@IEAA_NAEA_J@Z 000000014000f210 f i libucrtd:output.obj
 0001:0000e210       ??$extract_argument_from_va_list@G_J@?$standard_base@_WV?$string_output_adapter@_W@__crt_stdio_output@@@__crt_stdio_output@@IEAA_NAEA_J@Z 000000014000f210 f i libucrtd:output.obj
 0001:0000e250       ??$extract_argument_from_va_list@H_J@?$standard_base@DV?$stream_output_adapter@D@__crt_stdio_output@@@__crt_stdio_output@@IEAA_NAEA_J@Z 000000014000f250 f i libucrtd:output.obj
 0001:0000e250       ??$extract_argument_from_va_list@H_J@?$standard_base@DV?$string_output_adapter@D@__crt_stdio_output@@@__crt_stdio_output@@IEAA_NAEA_J@Z 000000014000f250 f i libucrtd:output.obj
 0001:0000e250       ??$extract_argument_from_va_list@H_J@?$standard_base@_WV?$string_output_adapter@_W@__crt_stdio_output@@@__crt_stdio_output@@IEAA_NAEA_J@Z 000000014000f250 f i libucrtd:output.obj
 0001:0000e280       ??$extract_argument_from_va_list@I_J@?$standard_base@DV?$stream_output_adapter@D@__crt_stdio_output@@@__crt_stdio_output@@IEAA_NAEA_J@Z 000000014000f280 f i libucrtd:output.obj
 0001:0000e280       ??$extract_argument_from_va_list@I_J@?$standard_base@DV?$string_output_adapter@D@__crt_stdio_output@@@__crt_stdio_output@@IEAA_NAEA_J@Z 000000014000f280 f i libucrtd:output.obj
 0001:0000e280       ??$extract_argument_from_va_list@I_J@?$standard_base@_WV?$string_output_adapter@_W@__crt_stdio_output@@@__crt_stdio_output@@IEAA_NAEA_J@Z 000000014000f280 f i libucrtd:output.obj
 0001:0000e2b0       ??$extract_argument_from_va_list@PEADPEAD@?$standard_base@DV?$stream_output_adapter@D@__crt_stdio_output@@@__crt_stdio_output@@IEAA_NAEAPEAD@Z 000000014000f2b0 f i libucrtd:output.obj
 0001:0000e2b0       ??$extract_argument_from_va_list@PEADPEAD@?$standard_base@DV?$string_output_adapter@D@__crt_stdio_output@@@__crt_stdio_output@@IEAA_NAEAPEAD@Z 000000014000f2b0 f i libucrtd:output.obj
 0001:0000e2b0       ??$extract_argument_from_va_list@PEADPEAD@?$standard_base@_WV?$string_output_adapter@_W@__crt_stdio_output@@@__crt_stdio_output@@IEAA_NAEAPEAD@Z 000000014000f2b0 f i libucrtd:output.obj
 0001:0000e2b0       ??$extract_argument_from_va_list@PEAUansi_string@?1??type_case_Z@?$output_processor@DV?$stream_output_adapter@D@__crt_stdio_output@@V?$standard_base@DV?$stream_output_adapter@D@__crt_stdio_output@@@2@@__crt_stdio_output@@AEAA_NXZ@PEAU1?1??234@AEAA_NXZ@@?$standard_base@DV?$stream_output_adapter@D@__crt_stdio_output@@@__crt_stdio_output@@IEAA_NAEAPEAUansi_string@?1??type_case_Z@?$output_processor@DV?$stream_output_adapter@D@__crt_stdio_output@@V?$standard_base@DV?$stream_output_adapter@D@__crt_stdio_output@@@2@@1@AEAA_NXZ@@Z 000000014000f2b0 f i libucrtd:output.obj
 0001:0000e2b0       ??$extract_argument_from_va_list@PEAUansi_string@?1??type_case_Z@?$output_processor@DV?$string_output_adapter@D@__crt_stdio_output@@V?$format_validation_base@DV?$string_output_adapter@D@__crt_stdio_output@@@2@@__crt_stdio_output@@AEAA_NXZ@PEAU1?1??234@AEAA_NXZ@@?$standard_base@DV?$string_output_adapter@D@__crt_stdio_output@@@__crt_stdio_output@@IEAA_NAEAPEAUansi_string@?1??type_case_Z@?$output_processor@DV?$string_output_adapter@D@__crt_stdio_output@@V?$format_validation_base@DV?$string_output_adapter@D@__crt_stdio_output@@@2@@1@AEAA_NXZ@@Z 000000014000f2b0 f i libucrtd:output.obj
 0001:0000e2b0       ??$extract_argument_from_va_list@PEAUansi_string@?1??type_case_Z@?$output_processor@_WV?$string_output_adapter@_W@__crt_stdio_output@@V?$format_validation_base@_WV?$string_output_adapter@_W@__crt_stdio_output@@@2@@__crt_stdio_output@@AEAA_NXZ@PEAU1?1??234@AEAA_NXZ@@?$standard_base@_WV?$string_output_adapter@_W@__crt_stdio_output@@@__crt_stdio_output@@IEAA_NAEAPEAUansi_string@?1??type_case_Z@?$output_processor@_WV?$string_output_adapter@_W@__crt_stdio_output@@V?$format_validation_base@_WV?$string_output_adapter@_W@__crt_stdio_output@@@2@@1@AEAA_NXZ@@Z 000000014000f2b0 f i libucrtd:output.obj
 0001:0000e2b0       ??$extract_argument_from_va_list@PEAXPEAX@?$standard_base@DV?$stream_output_adapter@D@__crt_stdio_output@@@__crt_stdio_output@@IEAA_NAEAPEAX@Z 000000014000f2b0 f i libucrtd:output.obj
 0001:0000e2b0       ??$extract_argument_from_va_list@PEAXPEAX@?$standard_base@DV?$string_output_adapter@D@__crt_stdio_output@@@__crt_stdio_output@@IEAA_NAEAPEAX@Z 000000014000f2b0 f i libucrtd:output.obj
 0001:0000e2b0       ??$extract_argument_from_va_list@PEAXPEAX@?$standard_base@_WV?$string_output_adapter@_W@__crt_stdio_output@@@__crt_stdio_output@@IEAA_NAEAPEAX@Z 000000014000f2b0 f i libucrtd:output.obj
 0001:0000e2b0       ??$extract_argument_from_va_list@_J_J@?$standard_base@DV?$stream_output_adapter@D@__crt_stdio_output@@@__crt_stdio_output@@IEAA_NAEA_J@Z 000000014000f2b0 f i libucrtd:output.obj
 0001:0000e2b0       ??$extract_argument_from_va_list@_J_J@?$standard_base@DV?$string_output_adapter@D@__crt_stdio_output@@@__crt_stdio_output@@IEAA_NAEA_J@Z 000000014000f2b0 f i libucrtd:output.obj
 0001:0000e2b0       ??$extract_argument_from_va_list@_J_J@?$standard_base@_WV?$string_output_adapter@_W@__crt_stdio_output@@@__crt_stdio_output@@IEAA_NAEA_J@Z 000000014000f2b0 f i libucrtd:output.obj
 0001:0000e2b0       ??$extract_argument_from_va_list@_K_J@?$standard_base@DV?$stream_output_adapter@D@__crt_stdio_output@@@__crt_stdio_output@@IEAA_NAEA_J@Z 000000014000f2b0 f i libucrtd:output.obj
 0001:0000e2b0       ??$extract_argument_from_va_list@_K_J@?$standard_base@DV?$string_output_adapter@D@__crt_stdio_output@@@__crt_stdio_output@@IEAA_NAEA_J@Z 000000014000f2b0 f i libucrtd:output.obj
 0001:0000e2b0       ??$extract_argument_from_va_list@_K_J@?$standard_base@_WV?$string_output_adapter@_W@__crt_stdio_output@@@__crt_stdio_output@@IEAA_NAEA_J@Z 000000014000f2b0 f i libucrtd:output.obj
 0001:0000e2e0       ??$extract_argument_from_va_list@U_CRT_DOUBLE@@U1@@?$standard_base@DV?$stream_output_adapter@D@__crt_stdio_output@@@__crt_stdio_output@@IEAA_NAEAU_CRT_DOUBLE@@@Z 000000014000f2e0 f i libucrtd:output.obj
 0001:0000e2e0       ??$extract_argument_from_va_list@U_CRT_DOUBLE@@U1@@?$standard_base@DV?$string_output_adapter@D@__crt_stdio_output@@@__crt_stdio_output@@IEAA_NAEAU_CRT_DOUBLE@@@Z 000000014000f2e0 f i libucrtd:output.obj
 0001:0000e2e0       ??$extract_argument_from_va_list@U_CRT_DOUBLE@@U1@@?$standard_base@_WV?$string_output_adapter@_W@__crt_stdio_output@@@__crt_stdio_output@@IEAA_NAEAU_CRT_DOUBLE@@@Z 000000014000f2e0 f i libucrtd:output.obj
 0001:0000e330       ??$extract_argument_from_va_list@_W_W@?$standard_base@DV?$stream_output_adapter@D@__crt_stdio_output@@@__crt_stdio_output@@IEAA_NAEA_W@Z 000000014000f330 f i libucrtd:output.obj
 0001:0000e330       ??$extract_argument_from_va_list@_W_W@?$standard_base@DV?$string_output_adapter@D@__crt_stdio_output@@@__crt_stdio_output@@IEAA_NAEA_W@Z 000000014000f330 f i libucrtd:output.obj
 0001:0000e330       ??$extract_argument_from_va_list@_W_W@?$standard_base@_WV?$string_output_adapter@_W@__crt_stdio_output@@@__crt_stdio_output@@IEAA_NAEA_W@Z 000000014000f330 f i libucrtd:output.obj
 0001:0000e360       ??$is_overflow_condition@K@__crt_strtox@@YA_NIK@Z 000000014000f360 f i libucrtd:output.obj
 0001:0000e3d0       ??$is_wide_character_specifier@D@__crt_stdio_output@@YA_N_KDW4length_modifier@0@@Z 000000014000f3d0 f i libucrtd:output.obj
 0001:0000e470       ??$is_wide_character_specifier@_W@__crt_stdio_output@@YA_N_K_WW4length_modifier@0@@Z 000000014000f470 f i libucrtd:output.obj
 0001:0000e540       ??$make_c_string_character_source@DPEAPEAD@__crt_strtox@@YA?AV?$c_string_character_source@D@0@QEBDQEAPEAD@Z 000000014000f540 f i libucrtd:output.obj
 0001:0000e540       ??$make_c_string_character_source@_WPEAPEA_W@__crt_strtox@@YA?AV?$c_string_character_source@_W@0@QEB_WQEAPEA_W@Z 000000014000f540 f i libucrtd:output.obj
 0001:0000e580       ??$parse_integer@KV?$c_string_character_source@D@__crt_strtox@@$0A@@__crt_strtox@@YAKAEAV__crt_cached_ptd_host@@V?$c_string_character_source@D@0@H_N@Z 000000014000f580 f i libucrtd:output.obj
 0001:0000ea00       ??$parse_integer@KV?$c_string_character_source@_W@__crt_strtox@@$0A@@__crt_strtox@@YAKAEAV__crt_cached_ptd_host@@V?$c_string_character_source@_W@0@H_N@Z 000000014000fa00 f i libucrtd:output.obj
 0001:0000ee80       ??$puttc_nolock_internal@AEBDPEAU_iobuf@@AEAV__crt_cached_ptd_host@@@?$__crt_char_traits@D@@SAHAEBD$$QEAPEAU_iobuf@@AEAV__crt_cached_ptd_host@@@Z 000000014000fe80 f i libucrtd:output.obj
 0001:0000eec0       ??$read_va_arg@C@__crt_stdio_output@@YACAEAPEAD@Z 000000014000fec0 f i libucrtd:output.obj
 0001:0000eec0       ??$read_va_arg@E@__crt_stdio_output@@YAEAEAPEAD@Z 000000014000fec0 f i libucrtd:output.obj
 0001:0000ef30       ??$read_va_arg@F@__crt_stdio_output@@YAFAEAPEAD@Z 000000014000ff30 f i libucrtd:output.obj
 0001:0000ef30       ??$read_va_arg@G@__crt_stdio_output@@YAGAEAPEAD@Z 000000014000ff30 f i libucrtd:output.obj
 0001:0000ef30       ??$read_va_arg@_W@__crt_stdio_output@@YA_WAEAPEAD@Z 000000014000ff30 f i libucrtd:output.obj
 0001:0000efa0       ??$read_va_arg@H@__crt_stdio_output@@YAHAEAPEAD@Z 000000014000ffa0 f i libucrtd:output.obj
 0001:0000efa0       ??$read_va_arg@I@__crt_stdio_output@@YAIAEAPEAD@Z 000000014000ffa0 f i libucrtd:output.obj
 0001:0000f000       ??$read_va_arg@PEAD@__crt_stdio_output@@YAPEADAEAPEAD@Z 0000000140010000 f i libucrtd:output.obj
 0001:0000f000       ??$read_va_arg@PEAUansi_string@?1??type_case_Z@?$output_processor@DV?$stream_output_adapter@D@__crt_stdio_output@@V?$standard_base@DV?$stream_output_adapter@D@__crt_stdio_output@@@2@@__crt_stdio_output@@AEAA_NXZ@@__crt_stdio_output@@YAPEAUansi_string@?1??type_case_Z@?$output_processor@DV?$stream_output_adapter@D@__crt_stdio_output@@V?$standard_base@DV?$stream_output_adapter@D@__crt_stdio_output@@@2@@0@AEAA_NXZ@AEAPEAD@Z 0000000140010000 f i libucrtd:output.obj
 0001:0000f000       ??$read_va_arg@PEAUansi_string@?1??type_case_Z@?$output_processor@DV?$string_output_adapter@D@__crt_stdio_output@@V?$format_validation_base@DV?$string_output_adapter@D@__crt_stdio_output@@@2@@__crt_stdio_output@@AEAA_NXZ@@__crt_stdio_output@@YAPEAUansi_string@?1??type_case_Z@?$output_processor@DV?$string_output_adapter@D@__crt_stdio_output@@V?$format_validation_base@DV?$string_output_adapter@D@__crt_stdio_output@@@2@@0@AEAA_NXZ@AEAPEAD@Z 0000000140010000 f i libucrtd:output.obj
 0001:0000f000       ??$read_va_arg@PEAUansi_string@?1??type_case_Z@?$output_processor@_WV?$string_output_adapter@_W@__crt_stdio_output@@V?$format_validation_base@_WV?$string_output_adapter@_W@__crt_stdio_output@@@2@@__crt_stdio_output@@AEAA_NXZ@@__crt_stdio_output@@YAPEAUansi_string@?1??type_case_Z@?$output_processor@_WV?$string_output_adapter@_W@__crt_stdio_output@@V?$format_validation_base@_WV?$string_output_adapter@_W@__crt_stdio_output@@@2@@0@AEAA_NXZ@AEAPEAD@Z 0000000140010000 f i libucrtd:output.obj
 0001:0000f000       ??$read_va_arg@PEAX@__crt_stdio_output@@YAPEAXAEAPEAD@Z 0000000140010000 f i libucrtd:output.obj
 0001:0000f000       ??$read_va_arg@U_CRT_DOUBLE@@@__crt_stdio_output@@YA?AU_CRT_DOUBLE@@AEAPEAD@Z 0000000140010000 f i libucrtd:output.obj
 0001:0000f000       ??$read_va_arg@_J@__crt_stdio_output@@YA_JAEAPEAD@Z 0000000140010000 f i libucrtd:output.obj
 0001:0000f000       ??$read_va_arg@_K@__crt_stdio_output@@YA_KAEAPEAD@Z 0000000140010000 f i libucrtd:output.obj
 0001:0000f070       ??$scratch_count@D@formatting_buffer@__crt_stdio_output@@QEBA_KXZ 0000000140010070 f i libucrtd:output.obj
 0001:0000f090       ??$scratch_data@D@formatting_buffer@__crt_stdio_output@@QEAAPEADXZ 0000000140010090 f i libucrtd:output.obj
 0001:0000f100       ??$type_case_integer@$07@?$output_processor@DV?$stream_output_adapter@D@__crt_stdio_output@@V?$standard_base@DV?$stream_output_adapter@D@__crt_stdio_output@@@2@@__crt_stdio_output@@AEAA_N_N@Z 0000000140010100 f i libucrtd:output.obj
 0001:0000f580       ??$type_case_integer@$07@?$output_processor@DV?$string_output_adapter@D@__crt_stdio_output@@V?$format_validation_base@DV?$string_output_adapter@D@__crt_stdio_output@@@2@@__crt_stdio_output@@AEAA_N_N@Z 0000000140010580 f i libucrtd:output.obj
 0001:0000fa00       ??$type_case_integer@$07@?$output_processor@_WV?$string_output_adapter@_W@__crt_stdio_output@@V?$format_validation_base@_WV?$string_output_adapter@_W@__crt_stdio_output@@@2@@__crt_stdio_output@@AEAA_N_N@Z 0000000140010a00 f i libucrtd:output.obj
 0001:0000fe80       ??$type_case_integer@$09@?$output_processor@DV?$stream_output_adapter@D@__crt_stdio_output@@V?$standard_base@DV?$stream_output_adapter@D@__crt_stdio_output@@@2@@__crt_stdio_output@@AEAA_N_N@Z 0000000140010e80 f i libucrtd:output.obj
 0001:00010300       ??$type_case_integer@$09@?$output_processor@DV?$string_output_adapter@D@__crt_stdio_output@@V?$format_validation_base@DV?$string_output_adapter@D@__crt_stdio_output@@@2@@__crt_stdio_output@@AEAA_N_N@Z 0000000140011300 f i libucrtd:output.obj
 0001:00010780       ??$type_case_integer@$09@?$output_processor@_WV?$string_output_adapter@_W@__crt_stdio_output@@V?$format_validation_base@_WV?$string_output_adapter@_W@__crt_stdio_output@@@2@@__crt_stdio_output@@AEAA_N_N@Z 0000000140011780 f i libucrtd:output.obj
 0001:00010c00       ??$type_case_integer@$0BA@@?$output_processor@DV?$stream_output_adapter@D@__crt_stdio_output@@V?$standard_base@DV?$stream_output_adapter@D@__crt_stdio_output@@@2@@__crt_stdio_output@@AEAA_N_N@Z 0000000140011c00 f i libucrtd:output.obj
 0001:00011080       ??$type_case_integer@$0BA@@?$output_processor@DV?$string_output_adapter@D@__crt_stdio_output@@V?$format_validation_base@DV?$string_output_adapter@D@__crt_stdio_output@@@2@@__crt_stdio_output@@AEAA_N_N@Z 0000000140012080 f i libucrtd:output.obj
 0001:00011500       ??$type_case_integer@$0BA@@?$output_processor@_WV?$string_output_adapter@_W@__crt_stdio_output@@V?$format_validation_base@_WV?$string_output_adapter@_W@__crt_stdio_output@@@2@@__crt_stdio_output@@AEAA_N_N@Z 0000000140012500 f i libucrtd:output.obj
 0001:00011980       ??$type_case_integer_parse_into_buffer@I$07@?$output_processor@DV?$stream_output_adapter@D@__crt_stdio_output@@V?$standard_base@DV?$stream_output_adapter@D@__crt_stdio_output@@@2@@__crt_stdio_output@@AEAAXI_N@Z 0000000140012980 f i libucrtd:output.obj
 0001:00011980       ??$type_case_integer_parse_into_buffer@I$07@?$output_processor@DV?$string_output_adapter@D@__crt_stdio_output@@V?$format_validation_base@DV?$string_output_adapter@D@__crt_stdio_output@@@2@@__crt_stdio_output@@AEAAXI_N@Z 0000000140012980 f i libucrtd:output.obj
 0001:00011ab0       ??$type_case_integer_parse_into_buffer@I$07@?$output_processor@_WV?$string_output_adapter@_W@__crt_stdio_output@@V?$format_validation_base@_WV?$string_output_adapter@_W@__crt_stdio_output@@@2@@__crt_stdio_output@@AEAAXI_N@Z 0000000140012ab0 f i libucrtd:output.obj
 0001:00011bf0       ??$type_case_integer_parse_into_buffer@I$09@?$output_processor@DV?$stream_output_adapter@D@__crt_stdio_output@@V?$standard_base@DV?$stream_output_adapter@D@__crt_stdio_output@@@2@@__crt_stdio_output@@AEAAXI_N@Z 0000000140012bf0 f i libucrtd:output.obj
 0001:00011bf0       ??$type_case_integer_parse_into_buffer@I$09@?$output_processor@DV?$string_output_adapter@D@__crt_stdio_output@@V?$format_validation_base@DV?$string_output_adapter@D@__crt_stdio_output@@@2@@__crt_stdio_output@@AEAAXI_N@Z 0000000140012bf0 f i libucrtd:output.obj
 0001:00011d20       ??$type_case_integer_parse_into_buffer@I$09@?$output_processor@_WV?$string_output_adapter@_W@__crt_stdio_output@@V?$format_validation_base@_WV?$string_output_adapter@_W@__crt_stdio_output@@@2@@__crt_stdio_output@@AEAAXI_N@Z 0000000140012d20 f i libucrtd:output.obj
 0001:00011e60       ??$type_case_integer_parse_into_buffer@I$0BA@@?$output_processor@DV?$stream_output_adapter@D@__crt_stdio_output@@V?$standard_base@DV?$stream_output_adapter@D@__crt_stdio_output@@@2@@__crt_stdio_output@@AEAAXI_N@Z 0000000140012e60 f i libucrtd:output.obj
 0001:00011e60       ??$type_case_integer_parse_into_buffer@I$0BA@@?$output_processor@DV?$string_output_adapter@D@__crt_stdio_output@@V?$format_validation_base@DV?$string_output_adapter@D@__crt_stdio_output@@@2@@__crt_stdio_output@@AEAAXI_N@Z 0000000140012e60 f i libucrtd:output.obj
 0001:00011f90       ??$type_case_integer_parse_into_buffer@I$0BA@@?$output_processor@_WV?$string_output_adapter@_W@__crt_stdio_output@@V?$format_validation_base@_WV?$string_output_adapter@_W@__crt_stdio_output@@@2@@__crt_stdio_output@@AEAAXI_N@Z 0000000140012f90 f i libucrtd:output.obj
 0001:000120d0       ??$type_case_integer_parse_into_buffer@_K$07@?$output_processor@DV?$stream_output_adapter@D@__crt_stdio_output@@V?$standard_base@DV?$stream_output_adapter@D@__crt_stdio_output@@@2@@__crt_stdio_output@@AEAAX_K_N@Z 00000001400130d0 f i libucrtd:output.obj
 0001:000120d0       ??$type_case_integer_parse_into_buffer@_K$07@?$output_processor@DV?$string_output_adapter@D@__crt_stdio_output@@V?$format_validation_base@DV?$string_output_adapter@D@__crt_stdio_output@@@2@@__crt_stdio_output@@AEAAX_K_N@Z 00000001400130d0 f i libucrtd:output.obj
 0001:00012210       ??$type_case_integer_parse_into_buffer@_K$07@?$output_processor@_WV?$string_output_adapter@_W@__crt_stdio_output@@V?$format_validation_base@_WV?$string_output_adapter@_W@__crt_stdio_output@@@2@@__crt_stdio_output@@AEAAX_K_N@Z 0000000140013210 f i libucrtd:output.obj
 0001:00012350       ??$type_case_integer_parse_into_buffer@_K$09@?$output_processor@DV?$stream_output_adapter@D@__crt_stdio_output@@V?$standard_base@DV?$stream_output_adapter@D@__crt_stdio_output@@@2@@__crt_stdio_output@@AEAAX_K_N@Z 0000000140013350 f i libucrtd:output.obj
 0001:00012350       ??$type_case_integer_parse_into_buffer@_K$09@?$output_processor@DV?$string_output_adapter@D@__crt_stdio_output@@V?$format_validation_base@DV?$string_output_adapter@D@__crt_stdio_output@@@2@@__crt_stdio_output@@AEAAX_K_N@Z 0000000140013350 f i libucrtd:output.obj
 0001:00012490       ??$type_case_integer_parse_into_buffer@_K$09@?$output_processor@_WV?$string_output_adapter@_W@__crt_stdio_output@@V?$format_validation_base@_WV?$string_output_adapter@_W@__crt_stdio_output@@@2@@__crt_stdio_output@@AEAAX_K_N@Z 0000000140013490 f i libucrtd:output.obj
 0001:000125d0       ??$type_case_integer_parse_into_buffer@_K$0BA@@?$output_processor@DV?$stream_output_adapter@D@__crt_stdio_output@@V?$standard_base@DV?$stream_output_adapter@D@__crt_stdio_output@@@2@@__crt_stdio_output@@AEAAX_K_N@Z 00000001400135d0 f i libucrtd:output.obj
 0001:000125d0       ??$type_case_integer_parse_into_buffer@_K$0BA@@?$output_processor@DV?$string_output_adapter@D@__crt_stdio_output@@V?$format_validation_base@DV?$string_output_adapter@D@__crt_stdio_output@@@2@@__crt_stdio_output@@AEAAX_K_N@Z 00000001400135d0 f i libucrtd:output.obj
 0001:00012710       ??$type_case_integer_parse_into_buffer@_K$0BA@@?$output_processor@_WV?$string_output_adapter@_W@__crt_stdio_output@@V?$format_validation_base@_WV?$string_output_adapter@_W@__crt_stdio_output@@@2@@__crt_stdio_output@@AEAAX_K_N@Z 0000000140013710 f i libucrtd:output.obj
 0001:00012850       ??$write_multiple_characters@V?$stream_output_adapter@D@__crt_stdio_output@@D@__crt_stdio_output@@YAXAEBV?$stream_output_adapter@D@0@DHQEAHAEAV__crt_cached_ptd_host@@@Z 0000000140013850 f i libucrtd:output.obj
 0001:000128c0       ??$write_multiple_characters@V?$string_output_adapter@D@__crt_stdio_output@@D@__crt_stdio_output@@YAXAEBV?$string_output_adapter@D@0@DHQEAHAEAV__crt_cached_ptd_host@@@Z 00000001400138c0 f i libucrtd:output.obj
 0001:00012930       ??$write_multiple_characters@V?$string_output_adapter@_W@__crt_stdio_output@@D@__crt_stdio_output@@YAXAEBV?$string_output_adapter@_W@0@DHQEAHAEAV__crt_cached_ptd_host@@@Z 0000000140013930 f i libucrtd:output.obj
 0001:000129a0       ??0?$c_string_character_source@D@__crt_strtox@@QEAA@QEBDQEAPEBD@Z 00000001400139a0 f i libucrtd:output.obj
 0001:000129a0       ??0?$c_string_character_source@_W@__crt_strtox@@QEAA@QEB_WQEAPEB_W@Z 00000001400139a0 f i libucrtd:output.obj
 0001:000129f0       ??0?$common_data@D@__crt_stdio_output@@IEAA@AEAV__crt_cached_ptd_host@@@Z 00000001400139f0 f i libucrtd:output.obj
 0001:00012ab0       ??0?$common_data@_W@__crt_stdio_output@@IEAA@AEAV__crt_cached_ptd_host@@@Z 0000000140013ab0 f i libucrtd:output.obj
 0001:00012b70       ??0?$output_adapter_data@DV?$stream_output_adapter@D@__crt_stdio_output@@@__crt_stdio_output@@IEAA@AEBV?$stream_output_adapter@D@1@_KQEBDAEAV__crt_cached_ptd_host@@QEAD@Z 0000000140013b70 f i libucrtd:output.obj
 0001:00012b70       ??0?$output_adapter_data@DV?$string_output_adapter@D@__crt_stdio_output@@@__crt_stdio_output@@IEAA@AEBV?$string_output_adapter@D@1@_KQEBDAEAV__crt_cached_ptd_host@@QEAD@Z 0000000140013b70 f i libucrtd:output.obj
 0001:00012bf0       ??0?$output_adapter_data@_WV?$string_output_adapter@_W@__crt_stdio_output@@@__crt_stdio_output@@IEAA@AEBV?$string_output_adapter@_W@1@_KQEB_WAEAV__crt_cached_ptd_host@@QEAD@Z 0000000140013bf0 f i libucrtd:output.obj
 0001:00012c70       ??0?$output_processor@DV?$stream_output_adapter@D@__crt_stdio_output@@V?$standard_base@DV?$stream_output_adapter@D@__crt_stdio_output@@@2@@__crt_stdio_output@@QEAA@AEBV?$stream_output_adapter@D@1@_KQEBDAEAV__crt_cached_ptd_host@@QEAD@Z 0000000140013c70 f i libucrtd:output.obj
 0001:00012cc0       ??0?$output_processor@DV?$string_output_adapter@D@__crt_stdio_output@@V?$format_validation_base@DV?$string_output_adapter@D@__crt_stdio_output@@@2@@__crt_stdio_output@@QEAA@AEBV?$string_output_adapter@D@1@_KQEBDAEAV__crt_cached_ptd_host@@QEAD@Z 0000000140013cc0 f i libucrtd:output.obj
 0001:00012d10       ??0?$output_processor@_WV?$string_output_adapter@_W@__crt_stdio_output@@V?$format_validation_base@_WV?$string_output_adapter@_W@__crt_stdio_output@@@2@@__crt_stdio_output@@QEAA@AEBV?$string_output_adapter@_W@1@_KQEB_WAEAV__crt_cached_ptd_host@@QEAD@Z 0000000140013d10 f i libucrtd:output.obj
 0001:00012d60       ??0?$stream_output_adapter@D@__crt_stdio_output@@QEAA@QEAU_iobuf@@@Z 0000000140013d60 f i libucrtd:output.obj
 0001:00012da0       ??0formatting_buffer@__crt_stdio_output@@QEAA@XZ 0000000140013da0 f i libucrtd:output.obj
 0001:00012de0       ??0guard@?$cached@H@__crt_cached_ptd_host@@QEAA@AEAU12@@Z 0000000140013de0 f i libucrtd:output.obj
 0001:00012e20       ??1?$c_string_character_source@D@__crt_strtox@@QEAA@XZ 0000000140013e20 f i libucrtd:output.obj
 0001:00012e20       ??1?$c_string_character_source@_W@__crt_strtox@@QEAA@XZ 0000000140013e20 f i libucrtd:output.obj
 0001:00012e50       ??1?$common_data@D@__crt_stdio_output@@QEAA@XZ 0000000140013e50 f i libucrtd:output.obj
 0001:00012e50       ??1?$common_data@_W@__crt_stdio_output@@QEAA@XZ 0000000140013e50 f i libucrtd:output.obj
 0001:00012e70       ??1?$format_validation_base@DV?$string_output_adapter@D@__crt_stdio_output@@@__crt_stdio_output@@QEAA@XZ 0000000140013e70 f i libucrtd:output.obj
 0001:00012e70       ??1?$format_validation_base@_WV?$string_output_adapter@_W@__crt_stdio_output@@@__crt_stdio_output@@QEAA@XZ 0000000140013e70 f i libucrtd:output.obj
 0001:00012e70       ??1?$output_processor@DV?$stream_output_adapter@D@__crt_stdio_output@@V?$standard_base@DV?$stream_output_adapter@D@__crt_stdio_output@@@2@@__crt_stdio_output@@QEAA@XZ 0000000140013e70 f i libucrtd:output.obj
 0001:00012e90       ??1?$output_adapter_data@DV?$stream_output_adapter@D@__crt_stdio_output@@@__crt_stdio_output@@QEAA@XZ 0000000140013e90 f i libucrtd:output.obj
 0001:00012e90       ??1?$output_adapter_data@DV?$string_output_adapter@D@__crt_stdio_output@@@__crt_stdio_output@@QEAA@XZ 0000000140013e90 f i libucrtd:output.obj
 0001:00012e90       ??1?$output_adapter_data@_WV?$string_output_adapter@_W@__crt_stdio_output@@@__crt_stdio_output@@QEAA@XZ 0000000140013e90 f i libucrtd:output.obj
 0001:00012eb0       ??1?$output_processor@DV?$string_output_adapter@D@__crt_stdio_output@@V?$format_validation_base@DV?$string_output_adapter@D@__crt_stdio_output@@@2@@__crt_stdio_output@@QEAA@XZ 0000000140013eb0 f i libucrtd:output.obj
 0001:00012eb0       ??1?$output_processor@_WV?$string_output_adapter@_W@__crt_stdio_output@@V?$format_validation_base@_WV?$string_output_adapter@_W@__crt_stdio_output@@@2@@__crt_stdio_output@@QEAA@XZ 0000000140013eb0 f i libucrtd:output.obj
 0001:00012ed0       ??1?$standard_base@DV?$stream_output_adapter@D@__crt_stdio_output@@@__crt_stdio_output@@QEAA@XZ 0000000140013ed0 f i libucrtd:output.obj
 0001:00012ed0       ??1?$standard_base@DV?$string_output_adapter@D@__crt_stdio_output@@@__crt_stdio_output@@QEAA@XZ 0000000140013ed0 f i libucrtd:output.obj
 0001:00012ed0       ??1?$standard_base@_WV?$string_output_adapter@_W@__crt_stdio_output@@@__crt_stdio_output@@QEAA@XZ 0000000140013ed0 f i libucrtd:output.obj
 0001:00012ef0       ??1formatting_buffer@__crt_stdio_output@@QEAA@XZ 0000000140013ef0 f i libucrtd:output.obj
 0001:00012f20       ??1guard@?$cached@H@__crt_cached_ptd_host@@QEAA@XZ 0000000140013f20 f i libucrtd:output.obj
 0001:00012f50       ??4?$__crt_unique_heap_ptr@DU__crt_internal_free_policy@@@@QEAAAEAV0@$$QEAV0@@Z 0000000140013f50 f i libucrtd:output.obj
[...]
 0002:00015500       $unwind$??$common_expand_argv_wildcards@D@@YAHQEAPEADQEAPEAPEAD@Z 0000000140062500     libucrtd:argv_wildcards.obj
 0002:00015508       $unwind$??$tcspbrk@AEAPEADAEAY02$$CBD@?$__crt_char_traits@D@@SAPEADAEAPEADAEAY02$$CBD@Z 0000000140062508     libucrtd:argv_wildcards.obj
 0002:00015518       $ip2state$??$tcspbrk@AEAPEADAEAY02$$CBD@?$__crt_char_traits@D@@SAPEADAEAPEADAEAY02$$CBD@Z 0000000140062518     libucrtd:argv_wildcards.obj
 0002:00015520       $unwind$??$expand_argument_wildcards@D@@YAHQEAD0AEAV?$argument_list@D@?A0x5f5c8891@@@Z 0000000140062520     libucrtd:argv_wildcards.obj
 0002:00015538       $ip2state$??$expand_argument_wildcards@D@@YAHQEAD0AEAV?$argument_list@D@?A0x5f5c8891@@@Z 0000000140062538     libucrtd:argv_wildcards.obj
 0002:00015540       $unwind$__acrt_GetModuleFileNameA 0000000140062540     libucrtd:getmodulefilenamea.obj
 0002:00015550       $unwind$??1?$__crt_win32_buffer@DU__crt_win32_buffer_no_resizing@@@@QEAA@XZ 0000000140062550     libucrtd:getmodulefilenamea.obj
 0002:00015560       $ip2state$??1?$__crt_win32_buffer@DU__crt_win32_buffer_no_resizing@@@@QEAA@XZ 0000000140062560     libucrtd:getmodulefilenamea.obj
 0002:00015568       $unwind$_setmbcp_nolock    0000000140062568     libucrtd:mbctype.obj
 0002:00015578       $unwind$_commit            0000000140062578     libucrtd:commit.obj
 0002:00015578       $unwind$?getSystemCP@@YAHH@Z 0000000140062578     libucrtd:mbctype.obj
 0002:00015580       $unwind$?update_thread_multibyte_data_internal@@YAPEAU__crt_multibyte_data@@QEAU__acrt_ptd@@QEAPEAU1@@Z 0000000140062580     libucrtd:mbctype.obj
 0002:000155a0       $unwind$?setmbcp_internal@@YAHH_NQEAU__acrt_ptd@@QEAPEAU__crt_multibyte_data@@@Z 00000001400625a0     libucrtd:mbctype.obj
 0002:000155b8       $ip2state$?setmbcp_internal@@YAHH_NQEAU__acrt_ptd@@QEAPEAU__crt_multibyte_data@@@Z 00000001400625b8     libucrtd:mbctype.obj
 0002:000155c0       $unwind$??$__acrt_lock_and_call@V<lambda_bd5a608237428601b7e45fbdc72b1ae8>@@@@YAXW4__acrt_lock_id@@$$QEAV<lambda_bd5a608237428601b7e45fbdc72b1ae8>@@@Z 00000001400625c0     libucrtd:mbctype.obj
 0002:000155d0       $ip2state$??$__acrt_lock_and_call@V<lambda_bd5a608237428601b7e45fbdc72b1ae8>@@@@YAXW4__acrt_lock_id@@$$QEAV<lambda_bd5a608237428601b7e45fbdc72b1ae8>@@@Z 00000001400625d0     libucrtd:mbctype.obj
 0002:000155d8       $unwind$?setSBUpLow@@YAXPEAU__crt_multibyte_data@@@Z 00000001400625d8     libucrtd:mbctype.obj
 0002:000155e8       $unwind$??$?RV<lambda_efa02eb69bf647d2f7ff0dd6f1103f72>@@AEAV<lambda_bd5a608237428601b7e45fbdc72b1ae8>@@V<lambda_728235dc0fc2b1f82d1fa5b3e7102d8f>@@@?$__crt_seh_guarded_call@X@@QEAAX$$QEAV<lambda_efa02eb69bf647d2f7ff0dd6f1103f72>@@AEAV<lambda_bd5a608237428601b7e45fbdc72b1ae8>@@$$QEAV<lambda_728235dc0fc2b1f82d1fa5b3e7102d8f>@@@Z 00000001400625e8     libucrtd:mbctype.obj
 0002:00015608       $unwind$__acrt_MultiByteToWideChar 0000000140062608     libucrtd:multibytetowidechar.obj
 0002:00015610       $unwind$__acrt_WideCharToMultiByte 0000000140062610     libucrtd:widechartomultibyte.obj
 0002:00015618       $unwind$__dcrt_get_narrow_environment_from_os 0000000140062618     libucrtd:get_environment_from_os.obj
 0002:00015620       $unwind$??$common_set_variable_in_environment_nolock@D@@YAHQEADH@Z 0000000140062620     libucrtd:setenv.obj
 0002:00015628       $unwind$??$tcschr@AEBQEADD@?$__crt_char_traits@D@@SAPEADAEBQEAD$$QEAD@Z 0000000140062628     libucrtd:setenv.obj
 0002:00015638       $ip2state$??$tcschr@AEBQEADD@?$__crt_char_traits@D@@SAPEADAEBQEAD$$QEAD@Z 0000000140062638     libucrtd:setenv.obj
 0002:00015640       $unwind$_isctype_l         0000000140062640     libucrtd:isctype.obj
 0002:00015654       $unwind$__acrt_GetStringTypeA 0000000140062654     libucrtd:getstringtypea.obj
 0002:0001565c       $unwind$__acrt_update_thread_locale_data 000000014006265c     libucrtd:locale_refcounting.obj
 0002:0001567c       $unwind$_query_new_handler 000000014006267c     libucrtd:new_handler.obj
 0002:0001569c       $unwind$raise              000000014006269c     libucrtd:signal.obj
 0002:000156bc       $unwind$??$__acrt_lock_and_call@V<lambda_44731a7d0e6d81c3e6aa82d741081786>@@@@YAP6AXH@ZW4__acrt_lock_id@@$$QEAV<lambda_44731a7d0e6d81c3e6aa82d741081786>@@@Z 00000001400626bc     libucrtd:signal.obj
 0002:000156d0       $ip2state$??$__acrt_lock_and_call@V<lambda_44731a7d0e6d81c3e6aa82d741081786>@@@@YAP6AXH@ZW4__acrt_lock_id@@$$QEAV<lambda_44731a7d0e6d81c3e6aa82d741081786>@@@Z 00000001400626d0     libucrtd:signal.obj
 0002:000156d8       $unwind$??$?RV<lambda_450d765d439847d4c735a33c368b5fc0>@@AEAV<lambda_44731a7d0e6d81c3e6aa82d741081786>@@V<lambda_601a2a7da3b7a96e9554ac7215c4b07c>@@@?$__crt_seh_guarded_call@P6AXH@Z@@QEAAP6AXH@Z$$QEAV<lambda_450d765d439847d4c735a33c368b5fc0>@@AEAV<lambda_44731a7d0e6d81c3e6aa82d741081786>@@$$QEAV<lambda_601a2a7da3b7a96e9554ac7215c4b07c>@@@Z 00000001400626d8     libucrtd:signal.obj
 0002:000156f8       $unwind$_VCrtDbgReportA    00000001400626f8     libucrtd:dbgrptt.obj
 0002:00015730       $unwind$_VCrtDbgReportW    0000000140062730     libucrtd:dbgrptt.obj
 0002:00015768       $unwind$??$__acrt_lowio_lock_fh_and_call@V<lambda_3e4146214822e0ea86c47ff907aef2ff>@@@@YAHH$$QEAV<lambda_3e4146214822e0ea86c47ff907aef2ff>@@@Z 0000000140062768     libucrtd:commit.obj
 0002:00015778       $ip2state$??$__acrt_lowio_lock_fh_and_call@V<lambda_3e4146214822e0ea86c47ff907aef2ff>@@@@YAHH$$QEAV<lambda_3e4146214822e0ea86c47ff907aef2ff>@@@Z 0000000140062778     libucrtd:commit.obj
 0002:00015780       $unwind$??$?RV<lambda_7d29013d608e9f25a034de83c9b9e983>@@AEAV<lambda_3e4146214822e0ea86c47ff907aef2ff>@@V<lambda_b869e5a4e1069fcb5c3da79c0d999133>@@@?$__crt_seh_guarded_call@H@@QEAAH$$QEAV<lambda_7d29013d608e9f25a034de83c9b9e983>@@AEAV<lambda_3e4146214822e0ea86c47ff907aef2ff>@@$$QEAV<lambda_b869e5a4e1069fcb5c3da79c0d999133>@@@Z 0000000140062780     libucrtd:commit.obj
 0002:000157a0       $unwind$_wsopen_nolock     00000001400627a0     libucrtd:open.obj
 0002:000157b4       $unwind$??$common_sopen_dispatch@D@@YAHQEBDHHHQEAHH@Z 00000001400627b4     libucrtd:open.obj
 0002:000157d4       $unwind$?decode_sharing_flags@@YAKHH@Z 00000001400627d4     libucrtd:open.obj
 0002:000157dc       $unwind$?decode_options@@YA?AUfile_options@?A0xa9d50aae@@HHH@Z 00000001400627dc     libucrtd:open.obj
 0002:000157f0       $unwind$__acrt_fltout      00000001400627f0     libucrtd:cfout.obj
 0002:000157f0       $unwind$?configure_text_mode@@YAHHUfile_options@?A0xa9d50aae@@HAEAW4__crt_lowio_text_mode@@@Z 00000001400627f0     libucrtd:open.obj
 0002:000157f8       $unwind$?make_big_integer@__crt_strtox@@YA?AUbig_integer@1@_K@Z 00000001400627f8     libucrtd:cfout.obj
 0002:00015808       $unwind$?make_big_integer_power_of_two@__crt_strtox@@YA?AUbig_integer@1@I@Z 0000000140062808     libucrtd:cfout.obj
 0002:00015818       $unwind$?shift_left@__crt_strtox@@YA_NAEAUbig_integer@1@I@Z 0000000140062818     libucrtd:cfout.obj
 0002:00015828       $unwind$?add_multiply_carry@__crt_strtox@@YAIAEAIIII@Z 0000000140062828     libucrtd:cfout.obj
 0002:00015830       $unwind$?multiply@__crt_strtox@@YA_NAEAUbig_integer@1@I@Z 0000000140062830     libucrtd:cfout.obj
 0002:00015840       $unwind$?multiply@__crt_strtox@@YA_NAEAUbig_integer@1@AEBU21@@Z 0000000140062840     libucrtd:cfout.obj
 0002:00015850       $unwind$?multiply_by_power_of_ten@__crt_strtox@@YA_NAEAUbig_integer@1@I@Z 0000000140062850     libucrtd:cfout.obj
 0002:00015860       $unwind$?divide@__crt_strtox@@YA_KAEAUbig_integer@1@AEBU21@@Z 0000000140062860     libucrtd:cfout.obj
 0002:00015870       $unwind$??$convert_to_fos_high_precision@N@@YA?AW4__acrt_has_trailing_digits@@NIW4__acrt_precision_style@@QEAHQEAD_K@Z 0000000140062870     libucrtd:cfout.obj
 0002:00015880       $unwind$?__c32rtomb_utf8@__crt_mbstring@@YA_KPEAD_UPEAU_Mbstatet@@AEAV__crt_cached_ptd_host@@@Z 0000000140062880     libucrtd:c32rtomb.obj
 0002:00015888       $unwind$__acrt_OutputDebugStringA 0000000140062888     libucrtd:outputdebugstringa.obj
 0002:0001589c       $unwind$qsort              000000014006289c     libucrtd:qsort.obj
 0002:000158ac       $unwind$?shortsort@@YAXPEAD0_KP6AHPEBX2@Z@Z 00000001400628ac     libucrtd:qsort.obj
 0002:000158bc       $stateUnwindMap$?shortsort@@YAXPEAD0_KP6AHPEBX2@Z@Z 00000001400628bc     libucrtd:qsort.obj
 0002:000158c8       $ip2state$?shortsort@@YAXPEAD0_KP6AHPEBX2@Z@Z 00000001400628c8     libucrtd:qsort.obj
 0002:000158e0       $unwind$strpbrk            00000001400628e0     libucrtd:strpbrk.obj
 0002:000158e8       $unwind$fallbackMethod     00000001400628e8     libucrtd:strpbrk.obj
 0002:000158f8       $unwind$_mbsdec_l          00000001400628f8     libucrtd:mbsdec.obj
 0002:00015900       $unwind$?__acrt_LCMapStringA_stat@@YAHPEAU__crt_locale_pointers@@PEB_WKPEBDHPEADHHH@Z 0000000140062900     libucrtd:lcmapstringa.obj
 0002:00015908       $unwind$__acrt_SetEnvironmentVariableA 0000000140062908     libucrtd:setenvironmentvariablea.obj
 0002:00015910       $unwind$?_mbstowcs_l_helper@@YA_KPEA_WPEBD_KAEAV__crt_cached_ptd_host@@@Z 0000000140062910     libucrtd:mbstowcs.obj
 0002:00015928       $ip2state$?_mbstowcs_l_helper@@YA_KPEA_WPEBD_KAEAV__crt_cached_ptd_host@@@Z 0000000140062928     libucrtd:mbstowcs.obj
 0002:00015930       $unwind$?_wcstombs_l_helper@@YA_KPEADPEB_W_KAEAV__crt_cached_ptd_host@@@Z 0000000140062930     libucrtd:wcstombs.obj
 0002:00015944       $unwind$_chsize_nolock     0000000140062944     libucrtd:chsize.obj
 0002:0001594c       $unwind$_chsize_nolock_internal 000000014006294c     libucrtd:chsize.obj
 0002:00015954       $unwind$?__mbrtoc32_utf8@__crt_mbstring@@YA_KPEA_UPEBD_KPEAU_Mbstatet@@AEAV__crt_cached_ptd_host@@@Z 0000000140062954     libucrtd:mbrtoc32.obj
 0002:00015964       $unwind$??$console_output_reopen_and_retry@V<lambda_61c1b8a38cedca4df5fdc542e6ccae6d>@@@@YAHAEBV<lambda_61c1b8a38cedca4df5fdc542e6ccae6d>@@@Z 0000000140062964     libucrtd:initcon.obj
 0002:00015978       $ip2state$??$console_output_reopen_and_retry@V<lambda_61c1b8a38cedca4df5fdc542e6ccae6d>@@@@YAHAEBV<lambda_61c1b8a38cedca4df5fdc542e6ccae6d>@@@Z 0000000140062978     libucrtd:initcon.obj
 0002:00015980       $xdatasym                  0000000140062980     libucrtd:log10.obj
 0002:0001598c       $unwind$ceil               000000014006298c     libucrtd:ceil.obj
 0002:00015994       $unwind$?return_illegal_sequence@__crt_mbstring@@YA_KPEAU_Mbstatet@@AEAV__crt_cached_ptd_host@@@Z 0000000140062994     libucrtd:common_utf8.obj
 0002:0001599c       $unwind$?reset_and_return@__crt_mbstring@@YA_K_KPEAU_Mbstatet@@@Z 000000014006299c     libucrtd:common_utf8.obj
 0002:000159a4       $unwind$?InternalCompareStringA@@YAHPEAU__crt_locale_pointers@@PEB_WKPEBDH2HH@Z 00000001400629a4     libucrtd:comparestringa.obj
 0002:000159b4       $unwind$?__wcsrtombs_utf8@__crt_mbstring@@YA_KPEADPEAPEB_W_KPEAU_Mbstatet@@AEAV__crt_cached_ptd_host@@@Z 00000001400629b4     libucrtd:wcrtomb.obj
 0002:000159c4       $unwind$__acrt_initialize_fma3 00000001400629c4     libucrtd:fma3_available.obj
 0002:000159d4       $unwind$_log_special_common 00000001400629d4     libucrtd:log_special.obj
 0002:000159e4       $unwind$_log10_special     00000001400629e4     libucrtd:log_special.obj
 0002:000159ec       $unwind$_handle_error      00000001400629ec     libucrtd:libm_error.obj
 0002:000159fc       $unwind$common_control87   00000001400629fc     libucrtd:ieee.obj
 0002:00015a1c       $unwind$?__c16rtomb_utf8@__crt_mbstring@@YA_KPEAD_SPEAU_Mbstatet@@AEAV__crt_cached_ptd_host@@@Z 0000000140062a1c     libucrtd:c16rtomb.obj
 0002:00015a24       $unwind$_ctrlfp            0000000140062a24     libucrtd:fpctrl.obj
 0002:00015a48       $xdatasym                  0000000140062a48     libucrtd:fpsr.obj
 0002:00015a50       $unwind$_IsNonwritableInCurrentImage 0000000140062a50     LIBCMTD:pesect.obj
 0002:00015a70       $xdatasym                  0000000140062a70     LIBCMTD:chkstk.obj
 0002:00015a78       $xdatasym                  0000000140062a78     libvcruntimed:memcmp.obj
 0002:00015f30       .idata$6                   0000000140062f30     kernel32:KERNEL32.dll
 0003:00000030       ?__vcrt_flsindex@@3KA      0000000140064030     libvcruntimed:per_thread_data.obj
 0003:00000148       ?__acrt_current_request_number@@3JA 0000000140064148     libucrtd:debug_heap.obj
 0003:00000170       ?errno_no_memory@@3HA      0000000140064170     libucrtd:errno.obj
 0003:00000174       ?doserrno_no_memory@@3KA   0000000140064174     libucrtd:errno.obj
 0003:000001c8       ?__acrt_flsindex@@3KA      00000001400641c8     libucrtd:per_thread_data.obj
 0003:00000440       ?__acrt_debug_fill_threshold@@3_KA 0000000140064440     libucrtd:debug_fill_threshold.obj
 0003:00000680       _mbctypes                  0000000140064680     libucrtd:mbctype.obj
 0003:00000790       _mbcasemaps                0000000140064790     libucrtd:mbctype.obj
 0003:00000890       ?__rgctypeflag@@3PADA      0000000140064890     libucrtd:mbctype.obj
 0003:000008a0       ?__rgcode_page_info@@3PAUcode_page_info@@A 00000001400648a0     libucrtd:mbctype.obj
 0003:00000a70       ?__dcrt_lowio_console_output_handle@@3PEAXEA 0000000140064a70     libucrtd:initcon.obj
 0003:00000a80       ?dazSupported@?1??common_control87@@9@9 0000000140064a80     libucrtd:ieee.obj
 0003:00000a81       ?dazSupported@?1??_ctrlfp@@9@9 0000000140064a81     libucrtd:fpctrl.obj
 0003:00000b28       ?is_initialized_as_dll@@3_NA 0000000140064b28     LIBCMTD:utility.obj
 0003:00000b29       ?module_local_atexit_table_initialized@@3_NA 0000000140064b29     LIBCMTD:utility.obj
 0003:00000b30       ?module_local_atexit_table@@3U_onexit_table_t@@A 0000000140064b30     LIBCMTD:utility.obj
 0003:00000b48       ?module_local_at_quick_exit_table@@3U_onexit_table_t@@A 0000000140064b48     LIBCMTD:utility.obj
 0003:00000b80       GS_ExceptionRecord         0000000140064b80     LIBCMTD:gs_report.obj
 0003:00000c20       GS_ContextRecord           0000000140064c20     LIBCMTD:gs_report.obj
 0003:00001100       ?__vcrt_startup_thread_ptd@@3U__vcrt_ptd@@A 0000000140065100     libvcruntimed:per_thread_data.obj
 0003:00001180       __vcrt_lock_table          0000000140065180     libvcruntimed:locks.obj
 0003:000011a8       __vcrt_locks_initialized   00000001400651a8     libvcruntimed:locks.obj
 0003:000011f0       ?heap@@3V_HeapManager@@A   00000001400651f0     libvcruntimed:undname.obj
 0003:00001218       ?module_handles@@3PAPEAUHINSTANCE__@@A 0000000140065218     libvcruntimed:winapi_downlevel.obj
 0003:00001230       ?function_pointers@@3PAPEAXA 0000000140065230     libvcruntimed:winapi_downlevel.obj
 0003:00001274       ?__acrt_app_type@@3W4_crt_app_type@@A 0000000140065274     libucrtd:report_runtime_error.obj
 0003:00001280       ?outmsg@?9??__acrt_report_runtime_error@@9@4PA_WA 0000000140065280     libucrtd:report_runtime_error.obj
 0003:000018a8       ?user_matherr@@3V?$dual_state_global@P6AHPEAU_exception@@@Z@__crt_state_management@@A 00000001400658a8     libucrtd:matherr.obj
 0003:000018b0       ?program_name@?1???$common_configure_argv@D@@YAHW4_crt_argv_mode@@@Z@4PADA 00000001400658b0     libucrtd:argv_parsing.obj
 0003:000019d8       ?c_termination_complete@@3JA 00000001400659d8     libucrtd:exit.obj
 0003:000019e0       ?thread_local_exit_callback_func@@3P6AXPEAXK0@ZEA 00000001400659e0     libucrtd:exit.obj
 0003:00001a24       ?__acrt_global_new_mode@@3V?$dual_state_global@J@__crt_state_management@@A 0000000140065a24     libucrtd:new_mode.obj
 0003:00001a60       ?__acrt_first_block@@3PEAU_CrtMemBlockHeader@@EA 0000000140065a60     libucrtd:debug_heap.obj
 0003:00001a68       ?__acrt_last_block@@3PEAU_CrtMemBlockHeader@@EA 0000000140065a68     libucrtd:debug_heap.obj
 0003:00001a70       ?__acrt_total_allocations@@3_KA 0000000140065a70     libucrtd:debug_heap.obj
 0003:00001a78       ?__acrt_current_allocations@@3_KA 0000000140065a78     libucrtd:debug_heap.obj
 0003:00001a80       ?__acrt_max_allocations@@3_KA 0000000140065a80     libucrtd:debug_heap.obj
 0003:00001a88       ?__acrt_check_frequency@@3IA 0000000140065a88     libucrtd:debug_heap.obj
 0003:00001a8c       ?__acrt_check_counter@@3IA 0000000140065a8c     libucrtd:debug_heap.obj
 0003:00001a98       ?heap_validation_pending@@3_NA 0000000140065a98     libucrtd:debug_heap.obj
 0003:00001aa0       ?__acrt_invalid_parameter_handler@@3V?$dual_state_global@P6AXPEB_W00I_K@Z@__crt_state_management@@A 0000000140065aa0     libucrtd:invalid_parameter.obj
 0003:00001ab0       ?module_handles@@3PAPEAUHINSTANCE__@@A 0000000140065ab0     libucrtd:winapi_thunks.obj
 0003:00001b50       ?encoded_function_pointers@@3PAPEAXA 0000000140065b50     libucrtd:winapi_thunks.obj
 0003:00002060       ?internal_state@?1??_mbtowc_internal@@9@4U_Mbstatet@@A 0000000140066060     libucrtd:mbtowc.obj
 0003:00002068       ?enable_percent_n@@3_KA    0000000140066068     libucrtd:printf_count_output.obj
 0003:00002070       __acrt_error_mode          0000000140066070     libucrtd:set_error_mode.obj
 0003:00002090       ?fSystemSet@@3HA           0000000140066090     libucrtd:mbctype.obj
 0003:00002094       ?initialized@?1??__acrt_initialize_multibyte@@9@4_NA 0000000140066094     libucrtd:mbctype.obj
 0003:000020a0       ?__acrt_lock_table@@3PAU_RTL_CRITICAL_SECTION@@A 00000001400660a0     libucrtd:locks.obj
 0003:000022d0       ?__acrt_locks_initialized@@3IA 00000001400662d0     libucrtd:locks.obj
 0003:000022d4       ?state_cache@?1???$get_cached_win_policy@Udeveloper_information_policy_properties@?1??__acrt_get_developer_information_policy@@YA?AW4developer_information_policy@@XZ@@@YA?AW4developer_information_policy@@W4AppPolicyShowDeveloperDiagnostic@@@Z@4JA 00000001400662d4     libucrtd:win_policies.obj
 0003:000022d8       ?state_cache@?1???$get_cached_win_policy@Uwindowing_model_policy_properties@?1??__acrt_get_windowing_model_policy@@YA?AW4windowing_model_policy@@XZ@@@YA?AW4windowing_model_policy@@W4AppPolicyWindowingModel@@@Z@4JA 00000001400662d8     libucrtd:win_policies.obj
 0003:000022f0       ?__acrt_new_handler@@3V?$dual_state_global@P6AH_K@Z@__crt_state_management@@A 00000001400662f0     libucrtd:new_handler.obj
 0003:000022f8       ?ctrlc_action@@3V?$dual_state_global@P6AXH@Z@__crt_state_management@@A 00000001400662f8     libucrtd:signal.obj
 0003:00002300       ?ctrlbreak_action@@3V?$dual_state_global@P6AXH@Z@__crt_state_management@@A 0000000140066300     libucrtd:signal.obj
 0003:00002308       ?abort_action@@3V?$dual_state_global@P6AXH@Z@__crt_state_management@@A 0000000140066308     libucrtd:signal.obj
 0003:00002310       ?term_action@@3V?$dual_state_global@P6AXH@Z@__crt_state_management@@A 0000000140066310     libucrtd:signal.obj
 0003:00002338       ?internal_pst@?1??__mbrtoc32_utf8@__crt_mbstring@@YA_KPEA_UPEBD_KPEAU_Mbstatet@@AEAV__crt_cached_ptd_host@@@Z@4U3@A 0000000140066338     libucrtd:mbrtoc32.obj
 0003:00002348       ?internal_pst@?1??__c16rtomb_utf8@__crt_mbstring@@YA_KPEAD_SPEAU_Mbstatet@@AEAV__crt_cached_ptd_host@@@Z@4U3@A 0000000140066348     libucrtd:c16rtomb.obj
 0005:00000000       MoveSmall                  000000014006b000     libvcruntimed:memcpy.obj
 0005:00000040       MoveSmallYmm               000000014006b040     libvcruntimed:memcpy.obj
 0005:00000064       MoveSmallYmmNT             000000014006b064     libvcruntimed:memcpy.obj
 0005:00000088       MoveSmallXmm               000000014006b088     libvcruntimed:memcpy.obj
 0005:000000b0       SetSmall                   000000014006b0b0     libvcruntimed:memset.obj
 0005:000000f0       SetSmallYmm                000000014006b0f0     libvcruntimed:memset.obj
 0005:00000114       SetSmallYmmNT              000000014006b114     libvcruntimed:memset.obj
 0005:00000138       SetSmallXmm                000000014006b138     libvcruntimed:memset.obj
